08-31 19:04:30.222 I/OPENHU  (16700): [2] UsbReceiver.onReceive | USB Intent: Intent { act=android.hardware.usb.action.USB_DEVICE_DETACHED flg=0x1000010 (has extras) }
08-31 19:04:30.226 I/OPENHU  (16700): [2] UsbDeviceDiagnostics.logDeviceList | UsbDiagnostics: USB list sees 2 USB device(s), 0 usable for Android Auto
08-31 19:04:30.226 I/OPENHU  (16700): [2] UsbDeviceDiagnostics.logDeviceList | UsbDiagnostics:   ASIX AX88179B (VID: 0B95 PID: 1790) [class FF/FF/00, no permission] rejected: vendor-class device, not a phone | if0 FF/FF/00 (1xbulkIn+2xbulkOut+1 other)
08-31 19:04:30.227 I/OPENHU  (16700): [2] UsbDeviceDiagnostics.logDeviceList | UsbDiagnostics:   Fresco Logic, Inc¿Ä Generic Billboard Device (VID: 1D5C PID: 7102) [class 11/00/00, no permission] rejected: device class 0x11 is not a phone | if0 11/00/00 (no endpoints)
08-31 19:04:30.229 I/OPENHU  (16700): [2] UsbReceiver.onReceive | USB Intent: Intent { act=android.hardware.usb.action.USB_DEVICE_DETACHED flg=0x1000010 (has extras) }
08-31 19:04:30.265 I/OPENHU  (16700): [2] UsbReceiver.onReceive | USB Intent: Intent { act=android.hardware.usb.action.USB_DEVICE_DETACHED flg=0x1000010 (has extras) }
08-31 19:04:30.268 I/OPENHU  (16700): [2] UsbDeviceDiagnostics.logDeviceList | UsbDiagnostics: USB list sees 1 USB device(s), 0 usable for Android Auto
08-31 19:04:30.268 I/OPENHU  (16700): [2] UsbDeviceDiagnostics.logDeviceList | UsbDiagnostics:   Fresco Logic, Inc¿Ä Generic Billboard Device (VID: 1D5C PID: 7102) [class 11/00/00, no permission] rejected: device class 0x11 is not a phone | if0 11/00/00 (no endpoints)
08-31 19:04:30.269 I/OPENHU  (16700): [2] UsbReceiver.onReceive | USB Intent: Intent { act=android.hardware.usb.action.USB_DEVICE_DETACHED flg=0x1000010 (has extras) }
08-31 19:04:30.295 I/OPENHU  (16700): [2] UsbReceiver.onReceive | USB Intent: Intent { act=android.hardware.usb.action.USB_DEVICE_DETACHED flg=0x1000010 (has extras) }
08-31 19:04:30.297 I/OPENHU  (16700): [2] UsbDeviceDiagnostics.logDeviceList | UsbDiagnostics: USB list sees 0 USB device(s), 0 usable for Android Auto
08-31 19:04:30.297 I/OPENHU  (16700): [2] UsbDeviceDiagnostics.logDeviceList | UsbDiagnostics: nothing is on the bus. Either the port carries no data, the unit is not in USB host mode, or a wireless adapter is waiting for its phone before it presents itself.
08-31 19:04:30.298 I/OPENHU  (16700): [2] UsbReceiver.onReceive | USB Intent: Intent { act=android.hardware.usb.action.USB_DEVICE_DETACHED flg=0x1000010 (has extras) }
08-31 19:04:38.227 I/OPENHU  (16700): [2] UsbReceiver.onReceive | USB Intent: Intent { act=android.hardware.usb.action.USB_DEVICE_ATTACHED flg=0x11000010 (has extras) }
08-31 19:04:38.239 I/OPENHU  (16700): [2] UsbDeviceDiagnostics.logDeviceList | UsbDiagnostics: USB list sees 1 USB device(s), 0 usable for Android Auto
08-31 19:04:38.240 I/OPENHU  (16700): [2] UsbDeviceDiagnostics.logDeviceList | UsbDiagnostics:   Generic USB3.0 Card Reader (VID: 05E3 PID: 0749) [class 00/00/00, no permission] rejected: no Android interface | if0 08/06/50 (1xbulkIn+1xbulkOut)
08-31 19:04:38.246 I/OPENHU  (16700): [2] UsbReceiver.onReceive | USB Intent: Intent { act=android.hardware.usb.action.USB_DEVICE_ATTACHED flg=0x11000010 (has extras) }
08-31 19:04:38.247 I/OPENHU  (16700): [2] UsbLauncherListener.onUsbAttach | Ignoring non-Android USB device attached in service (VID: 1507): /dev/bus/usb/002/003
08-31 19:04:40.044 I/OPENHU  (16700): [2] UsbReceiver.onReceive | USB Intent: Intent { act=android.hardware.usb.action.USB_DEVICE_ATTACHED flg=0x11000010 (has extras) }
08-31 19:04:40.069 I/OPENHU  (16700): [2] UsbDeviceDiagnostics.logDeviceList | UsbDiagnostics: USB list sees 2 USB device(s), 0 usable for Android Auto
08-31 19:04:40.069 I/OPENHU  (16700): [2] UsbDeviceDiagnostics.logDeviceList | UsbDiagnostics:   Generic USB3.0 Card Reader (VID: 05E3 PID: 0749) [class 00/00/00, no permission] rejected: no Android interface | if0 08/06/50 (1xbulkIn+1xbulkOut)
08-31 19:04:40.069 I/OPENHU  (16700): [2] UsbDeviceDiagnostics.logDeviceList | UsbDiagnostics:   ASIX AX88179B (VID: 0B95 PID: 1790) [class 00/00/00, no permission] rejected: CDC network adapter | if0 FF/FF/00 (1xbulkIn+2xbulkOut+1 other) | if1 02/0D/00 (1 other) | if2 0A/00/01 (no endpoints) | if3 0A/00/01 (1xbulkIn+1xbulkOut) | if4 02/06/00 (1 other) | if5 0A/00/00 (no endpoints) | if6 0A/00/00 (1xbulkIn+1xbulkOut)
08-31 19:04:40.071 I/OPENHU  (16700): [2] UsbReceiver.onReceive | USB Intent: Intent { act=android.hardware.usb.action.USB_DEVICE_ATTACHED flg=0x11000010 (has extras) }
08-31 19:04:40.071 I/OPENHU  (16700): [2] UsbLauncherListener.onUsbAttach | Ignoring non-Android USB device attached in service (VID: 2965): /dev/bus/usb/002/005
08-31 19:04:40.237 I/OPENHU  (16700): [2] UsbReceiver.onReceive | USB Intent: Intent { act=android.hardware.usb.action.USB_DEVICE_ATTACHED flg=0x11000010 (has extras) }
08-31 19:04:40.242 I/OPENHU  (16700): [2] UsbDeviceDiagnostics.logDeviceList | UsbDiagnostics: USB list sees 3 USB device(s), 0 usable for Android Auto
08-31 19:04:40.245 I/OPENHU  (16700): [2] UsbDeviceDiagnostics.logDeviceList | UsbDiagnostics:   Generic USB3.0 Card Reader (VID: 05E3 PID: 0749) [class 00/00/00, no permission] rejected: no Android interface | if0 08/06/50 (1xbulkIn+1xbulkOut)
08-31 19:04:40.247 I/OPENHU  (16700): [2] UsbDeviceDiagnostics.logDeviceList | UsbDiagnostics:   Fresco Logic, Inc¿Ä Generic Billboard Device (VID: 1D5C PID: 7102) [class 11/00/00, no permission] rejected: device class 0x11 is not a phone | if0 11/00/00 (no endpoints)
08-31 19:04:40.247 I/OPENHU  (16700): [2] UsbDeviceDiagnostics.logDeviceList | UsbDiagnostics:   ASIX AX88179B (VID: 0B95 PID: 1790) [class 00/00/00, no permission] rejected: CDC network adapter | if0 FF/FF/00 (1xbulkIn+2xbulkOut+1 other) | if1 02/0D/00 (1 other) | if2 0A/00/01 (no endpoints) | if3 0A/00/01 (1xbulkIn+1xbulkOut) | if4 02/06/00 (1 other) | if5 0A/00/00 (no endpoints) | if6 0A/00/00 (1xbulkIn+1xbulkOut)
08-31 19:04:40.250 I/OPENHU  (16700): [2] UsbReceiver.onReceive | USB Intent: Intent { act=android.hardware.usb.action.USB_DEVICE_ATTACHED flg=0x11000010 (has extras) }
08-31 19:04:40.250 I/OPENHU  (16700): [2] UsbLauncherListener.onUsbAttach | Ignoring non-Android USB device attached in service (VID: 7516): /dev/bus/usb/002/006
08-31 19:04:42.109 I/OPENHU  (16700): [2] UsbReceiver.onReceive | USB Intent: Intent { act=android.hardware.usb.action.USB_DEVICE_DETACHED flg=0x1000010 (has extras) }
08-31 19:04:42.118 I/OPENHU  (16700): [2] UsbDeviceDiagnostics.logDeviceList | UsbDiagnostics: USB list sees 2 USB device(s), 0 usable for Android Auto
08-31 19:04:42.119 I/OPENHU  (16700): [2] UsbDeviceDiagnostics.logDeviceList | UsbDiagnostics:   Generic USB3.0 Card Reader (VID: 05E3 PID: 0749) [class 00/00/00, no permission] rejected: no Android interface | if0 08/06/50 (1xbulkIn+1xbulkOut)
08-31 19:04:42.119 I/OPENHU  (16700): [2] UsbDeviceDiagnostics.logDeviceList | UsbDiagnostics:   Fresco Logic, Inc¿Ä Generic Billboard Device (VID: 1D5C PID: 7102) [class 11/00/00, no permission] rejected: device class 0x11 is not a phone | if0 11/00/00 (no endpoints)
08-31 19:04:42.127 I/OPENHU  (16700): [2] UsbReceiver.onReceive | USB Intent: Intent { act=android.hardware.usb.action.USB_DEVICE_DETACHED flg=0x1000010 (has extras) }
08-31 19:04:42.856 I/OPENHU  (16700): [2] UsbReceiver.onReceive | USB Intent: Intent { act=android.hardware.usb.action.USB_DEVICE_ATTACHED flg=0x11000010 (has extras) }
08-31 19:04:42.878 I/OPENHU  (16700): [2] UsbDeviceDiagnostics.logDeviceList | UsbDiagnostics: USB list sees 3 USB device(s), 0 usable for Android Auto
08-31 19:04:42.878 I/OPENHU  (16700): [2] UsbDeviceDiagnostics.logDeviceList | UsbDiagnostics:   Generic USB3.0 Card Reader (VID: 05E3 PID: 0749) [class 00/00/00, no permission] rejected: no Android interface | if0 08/06/50 (1xbulkIn+1xbulkOut)
08-31 19:04:42.878 I/OPENHU  (16700): [2] UsbDeviceDiagnostics.logDeviceList | UsbDiagnostics:   ASIX AX88179B (VID: 0B95 PID: 1790) [class FF/FF/00, no permission] rejected: vendor-class device, not a phone | if0 FF/FF/00 (1xbulkIn+2xbulkOut+1 other)
08-31 19:04:42.878 I/OPENHU  (16700): [2] UsbDeviceDiagnostics.logDeviceList | UsbDiagnostics:   Fresco Logic, Inc¿Ä Generic Billboard Device (VID: 1D5C PID: 7102) [class 11/00/00, no permission] rejected: device class 0x11 is not a phone | if0 11/00/00 (no endpoints)
08-31 19:04:42.881 I/OPENHU  (16700): [2] UsbReceiver.onReceive | USB Intent: Intent { act=android.hardware.usb.action.USB_DEVICE_ATTACHED flg=0x11000010 (has extras) }
08-31 19:04:42.881 I/OPENHU  (16700): [2] UsbLauncherListener.onUsbAttach | Ignoring non-Android USB device attached in service (VID: 2965): /dev/bus/usb/002/007
08-31 19:04:54.947 I/OPENHU  (16700): [2] UsbReceiver.onReceive | USB Intent: Intent { act=android.hardware.usb.action.USB_DEVICE_ATTACHED flg=0x11000010 (has extras) }
08-31 19:04:54.964 I/OPENHU  (16700): [2] UsbDeviceDiagnostics.logDeviceList | UsbDiagnostics: USB list sees 4 USB device(s), 0 usable for Android Auto
08-31 19:04:54.964 I/OPENHU  (16700): [2] UsbDeviceDiagnostics.logDeviceList | UsbDiagnostics:   Generic USB3.0 Card Reader (VID: 05E3 PID: 0749) [class 00/00/00, no permission] rejected: no Android interface | if0 08/06/50 (1xbulkIn+1xbulkOut)
08-31 19:04:54.964 I/OPENHU  (16700): [2] UsbDeviceDiagnostics.logDeviceList | UsbDiagnostics:   ASIX AX88179B (VID: 0B95 PID: 1790) [class FF/FF/00, no permission] rejected: vendor-class device, not a phone | if0 FF/FF/00 (1xbulkIn+2xbulkOut+1 other)
08-31 19:04:54.964 I/OPENHU  (16700): [2] UsbDeviceDiagnostics.logDeviceList | UsbDiagnostics:   Fresco Logic, Inc¿Ä Generic Billboard Device (VID: 1D5C PID: 7102) [class 11/00/00, no permission] rejected: device class 0x11 is not a phone | if0 11/00/00 (no endpoints)
08-31 19:04:54.964 I/OPENHU  (16700): [2] UsbDeviceDiagnostics.logDeviceList | UsbDiagnostics:   Kingston DataTraveler G3  (VID: 0930 PID: 6545) [class 00/00/00, no permission] rejected: no Android interface | if0 08/06/50 (1xbulkIn+1xbulkOut)
08-31 19:04:54.968 I/OPENHU  (16700): [2] UsbReceiver.onReceive | USB Intent: Intent { act=android.hardware.usb.action.USB_DEVICE_ATTACHED flg=0x11000010 (has extras) }
08-31 19:04:54.968 I/OPENHU  (16700): [2] UsbLauncherListener.onUsbAttach | Ignoring non-Android USB device attached in service (VID: 2352): /dev/bus/usb/002/008
08-31 19:05:37.639 I/OPENHU  (16700): [2] UsbReceiver.onReceive | USB Intent: Intent { act=android.hardware.usb.action.USB_DEVICE_DETACHED flg=0x1000010 (has extras) }
08-31 19:05:37.643 I/OPENHU  (16700): [2] UsbDeviceDiagnostics.logDeviceList | UsbDiagnostics: USB list sees 3 USB device(s), 0 usable for Android Auto
08-31 19:05:37.644 I/OPENHU  (16700): [2] UsbDeviceDiagnostics.logDeviceList | UsbDiagnostics:   Generic USB3.0 Card Reader (VID: 05E3 PID: 0749) [class 00/00/00, no permission] rejected: no Android interface | if0 08/06/50 (1xbulkIn+1xbulkOut)
08-31 19:05:37.644 I/OPENHU  (16700): [2] UsbDeviceDiagnostics.logDeviceList | UsbDiagnostics:   ASIX AX88179B (VID: 0B95 PID: 1790) [class FF/FF/00, no permission] rejected: vendor-class device, not a phone | if0 FF/FF/00 (1xbulkIn+2xbulkOut+1 other)
08-31 19:05:37.644 I/OPENHU  (16700): [2] UsbDeviceDiagnostics.logDeviceList | UsbDiagnostics:   Fresco Logic, Inc¿Ä Generic Billboard Device (VID: 1D5C PID: 7102) [class 11/00/00, no permission] rejected: device class 0x11 is not a phone | if0 11/00/00 (no endpoints)
08-31 19:05:37.646 I/OPENHU  (16700): [2] UsbReceiver.onReceive | USB Intent: Intent { act=android.hardware.usb.action.USB_DEVICE_DETACHED flg=0x1000010 (has extras) }
08-31 19:06:48.677 I/OPENHU  (16700): [2] UsbReceiver.onReceive | USB Intent: Intent { act=com.andrerinas.openheadunit.ACTION_USB_DEVICE_PERMISSION flg=0x10 pkg=com.andrerinas.headunitrevived (has extras) }
08-31 19:06:48.696 I/OPENHU  (16700): [2] UsbReceiver.onReceive | USB Intent: Intent { act=com.andrerinas.openheadunit.ACTION_USB_DEVICE_PERMISSION flg=0x10 pkg=com.andrerinas.headunitrevived (has extras) }
08-31 19:08:29.779 I/OPENHU  (18395): [2] UsbDeviceDiagnostics.logDeviceList | UsbDiagnostics: USB list sees 3 USB device(s), 0 usable for Android Auto
08-31 19:08:29.779 I/OPENHU  (18395): [2] UsbDeviceDiagnostics.logDeviceList | UsbDiagnostics:   Generic USB3.0 Card Reader (VID: 05E3 PID: 0749) [class 00/00/00, no permission] rejected: no Android interface | if0 08/06/50 (1xbulkIn+1xbulkOut)
08-31 19:08:29.779 I/OPENHU  (18395): [2] UsbDeviceDiagnostics.logDeviceList | UsbDiagnostics:   ASIX AX88179B (VID: 0B95 PID: 1790) [class FF/FF/00, no permission] rejected: vendor-class device, not a phone | if0 FF/FF/00 (1xbulkIn+2xbulkOut+1 other)
08-31 19:08:29.780 I/OPENHU  (18395): [2] UsbDeviceDiagnostics.logDeviceList | UsbDiagnostics:   Fresco Logic, Inc¿Ä Generic Billboard Device (VID: 1D5C PID: 7102) [class 11/00/00, no permission] rejected: device class 0x11 is not a phone | if0 11/00/00 (no endpoints)
08-31 19:08:51.640 I/OPENHU  (18395): [2] UsbReceiver.onReceive | USB Intent: Intent { act=android.hardware.usb.action.USB_DEVICE_DETACHED flg=0x1000010 (has extras) }
08-31 19:08:51.656 I/OPENHU  (18395): [2] UsbDeviceDiagnostics.logDeviceList | UsbDiagnostics: USB list sees 2 USB device(s), 0 usable for Android Auto
08-31 19:08:51.657 I/OPENHU  (18395): [2] UsbDeviceDiagnostics.logDeviceList | UsbDiagnostics:   ASIX AX88179B (VID: 0B95 PID: 1790) [class FF/FF/00, no permission] rejected: vendor-class device, not a phone | if0 FF/FF/00 (1xbulkIn+2xbulkOut+1 other)
08-31 19:08:51.657 I/OPENHU  (18395): [2] UsbDeviceDiagnostics.logDeviceList | UsbDiagnostics:   Fresco Logic, Inc¿Ä Generic Billboard Device (VID: 1D5C PID: 7102) [class 11/00/00, no permission] rejected: device class 0x11 is not a phone | if0 11/00/00 (no endpoints)
08-31 19:08:51.662 I/OPENHU  (18395): [2] UsbReceiver.onReceive | USB Intent: Intent { act=android.hardware.usb.action.USB_DEVICE_DETACHED flg=0x1000010 (has extras) }
08-31 19:08:51.666 I/OPENHU  (18395): [2] UsbReceiver.onReceive | USB Intent: Intent { act=android.hardware.usb.action.USB_DEVICE_DETACHED flg=0x1000010 (has extras) }
08-31 19:08:51.668 I/OPENHU  (18395): [2] UsbDeviceDiagnostics.logDeviceList | UsbDiagnostics: USB list sees 1 USB device(s), 0 usable for Android Auto
08-31 19:08:51.668 I/OPENHU  (18395): [2] UsbDeviceDiagnostics.logDeviceList | UsbDiagnostics:   Fresco Logic, Inc¿Ä Generic Billboard Device (VID: 1D5C PID: 7102) [class 11/00/00, no permission] rejected: device class 0x11 is not a phone | if0 11/00/00 (no endpoints)
08-31 19:08:51.678 I/OPENHU  (18395): [2] UsbReceiver.onReceive | USB Intent: Intent { act=android.hardware.usb.action.USB_DEVICE_DETACHED flg=0x1000010 (has extras) }
08-31 19:08:51.684 I/OPENHU  (18395): [2] UsbReceiver.onReceive | USB Intent: Intent { act=android.hardware.usb.action.USB_DEVICE_DETACHED flg=0x1000010 (has extras) }
08-31 19:08:51.686 I/OPENHU  (18395): [2] UsbDeviceDiagnostics.logDeviceList | UsbDiagnostics: USB list sees 0 USB device(s), 0 usable for Android Auto
08-31 19:08:51.690 I/OPENHU  (18395): [2] UsbDeviceDiagnostics.logDeviceList | UsbDiagnostics: nothing is on the bus. Either the port carries no data, the unit is not in USB host mode, or a wireless adapter is waiting for its phone before it presents itself.
08-31 19:08:51.691 I/OPENHU  (18395): [2] UsbReceiver.onReceive | USB Intent: Intent { act=android.hardware.usb.action.USB_DEVICE_DETACHED flg=0x1000010 (has extras) }
08-31 19:09:03.339 I/OPENHU  (18395): [2] UsbReceiver.onReceive | USB Intent: Intent { act=android.hardware.usb.action.USB_DEVICE_ATTACHED flg=0x11000010 (has extras) }
08-31 19:09:03.351 I/OPENHU  (18395): [2] UsbDeviceDiagnostics.logDeviceList | UsbDiagnostics: USB list sees 1 USB device(s), 0 usable for Android Auto
08-31 19:09:03.352 I/OPENHU  (18395): [2] UsbDeviceDiagnostics.logDeviceList | UsbDiagnostics:   Generic USB3.0 Card Reader (VID: 05E3 PID: 0749) [class 00/00/00, no permission] rejected: no Android interface | if0 08/06/50 (1xbulkIn+1xbulkOut)
08-31 19:09:03.355 I/OPENHU  (18395): [2] UsbReceiver.onReceive | USB Intent: Intent { act=android.hardware.usb.action.USB_DEVICE_ATTACHED flg=0x11000010 (has extras) }
08-31 19:09:03.358 I/OPENHU  (18395): [2] UsbLauncherListener.onUsbAttach | Ignoring non-Android USB device attached in service (VID: 1507): /dev/bus/usb/002/003
08-31 19:09:05.154 I/OPENHU  (18395): [2] UsbReceiver.onReceive | USB Intent: Intent { act=android.hardware.usb.action.USB_DEVICE_ATTACHED flg=0x11000010 (has extras) }
08-31 19:09:05.181 I/OPENHU  (18395): [2] UsbDeviceDiagnostics.logDeviceList | UsbDiagnostics: USB list sees 2 USB device(s), 0 usable for Android Auto
08-31 19:09:05.181 I/OPENHU  (18395): [2] UsbDeviceDiagnostics.logDeviceList | UsbDiagnostics:   Generic USB3.0 Card Reader (VID: 05E3 PID: 0749) [class 00/00/00, no permission] rejected: no Android interface | if0 08/06/50 (1xbulkIn+1xbulkOut)
08-31 19:09:05.181 I/OPENHU  (18395): [2] UsbDeviceDiagnostics.logDeviceList | UsbDiagnostics:   ASIX AX88179B (VID: 0B95 PID: 1790) [class 00/00/00, no permission] rejected: CDC network adapter | if0 FF/FF/00 (1xbulkIn+2xbulkOut+1 other) | if1 02/0D/00 (1 other) | if2 0A/00/01 (no endpoints) | if3 0A/00/01 (1xbulkIn+1xbulkOut) | if4 02/06/00 (1 other) | if5 0A/00/00 (no endpoints) | if6 0A/00/00 (1xbulkIn+1xbulkOut)
08-31 19:09:05.183 I/OPENHU  (18395): [2] UsbReceiver.onReceive | USB Intent: Intent { act=android.hardware.usb.action.USB_DEVICE_ATTACHED flg=0x11000010 (has extras) }
08-31 19:09:05.183 I/OPENHU  (18395): [2] UsbLauncherListener.onUsbAttach | Ignoring non-Android USB device attached in service (VID: 2965): /dev/bus/usb/002/005
08-31 19:09:05.323 I/OPENHU  (18395): [2] UsbReceiver.onReceive | USB Intent: Intent { act=android.hardware.usb.action.USB_DEVICE_ATTACHED flg=0x11000010 (has extras) }
08-31 19:09:05.336 I/OPENHU  (18395): [2] UsbDeviceDiagnostics.logDeviceList | UsbDiagnostics: USB list sees 3 USB device(s), 0 usable for Android Auto
08-31 19:09:05.336 I/OPENHU  (18395): [2] UsbDeviceDiagnostics.logDeviceList | UsbDiagnostics:   Generic USB3.0 Card Reader (VID: 05E3 PID: 0749) [class 00/00/00, no permission] rejected: no Android interface | if0 08/06/50 (1xbulkIn+1xbulkOut)
08-31 19:09:05.336 I/OPENHU  (18395): [2] UsbDeviceDiagnostics.logDeviceList | UsbDiagnostics:   Fresco Logic, Inc¿Ä Generic Billboard Device (VID: 1D5C PID: 7102) [class 11/00/00, no permission] rejected: device class 0x11 is not a phone | if0 11/00/00 (no endpoints)
08-31 19:09:05.336 I/OPENHU  (18395): [2] UsbDeviceDiagnostics.logDeviceList | UsbDiagnostics:   ASIX AX88179B (VID: 0B95 PID: 1790) [class 00/00/00, no permission] rejected: CDC network adapter | if0 FF/FF/00 (1xbulkIn+2xbulkOut+1 other) | if1 02/0D/00 (1 other) | if2 0A/00/01 (no endpoints) | if3 0A/00/01 (1xbulkIn+1xbulkOut) | if4 02/06/00 (1 other) | if5 0A/00/00 (no endpoints) | if6 0A/00/00 (1xbulkIn+1xbulkOut)
08-31 19:09:05.338 I/OPENHU  (18395): [2] UsbReceiver.onReceive | USB Intent: Intent { act=android.hardware.usb.action.USB_DEVICE_ATTACHED flg=0x11000010 (has extras) }
08-31 19:09:05.339 I/OPENHU  (18395): [2] UsbLauncherListener.onUsbAttach | Ignoring non-Android USB device attached in service (VID: 7516): /dev/bus/usb/002/006
08-31 19:09:07.242 I/OPENHU  (18395): [2] UsbReceiver.onReceive | USB Intent: Intent { act=android.hardware.usb.action.USB_DEVICE_DETACHED flg=0x1000010 (has extras) }
08-31 19:09:07.251 I/OPENHU  (18395): [2] UsbDeviceDiagnostics.logDeviceList | UsbDiagnostics: USB list sees 2 USB device(s), 0 usable for Android Auto
08-31 19:09:07.252 I/OPENHU  (18395): [2] UsbDeviceDiagnostics.logDeviceList | UsbDiagnostics:   Generic USB3.0 Card Reader (VID: 05E3 PID: 0749) [class 00/00/00, no permission] rejected: no Android interface | if0 08/06/50 (1xbulkIn+1xbulkOut)
08-31 19:09:07.253 I/OPENHU  (18395): [2] UsbDeviceDiagnostics.logDeviceList | UsbDiagnostics:   Fresco Logic, Inc¿Ä Generic Billboard Device (VID: 1D5C PID: 7102) [class 11/00/00, no permission] rejected: device class 0x11 is not a phone | if0 11/00/00 (no endpoints)
08-31 19:09:07.255 I/OPENHU  (18395): [2] UsbReceiver.onReceive | USB Intent: Intent { act=android.hardware.usb.action.USB_DEVICE_DETACHED flg=0x1000010 (has extras) }
08-31 19:09:08.004 I/OPENHU  (18395): [2] UsbReceiver.onReceive | USB Intent: Intent { act=android.hardware.usb.action.USB_DEVICE_ATTACHED flg=0x11000010 (has extras) }
08-31 19:09:08.024 I/OPENHU  (18395): [2] UsbDeviceDiagnostics.logDeviceList | UsbDiagnostics: USB list sees 3 USB device(s), 0 usable for Android Auto
08-31 19:09:08.024 I/OPENHU  (18395): [2] UsbDeviceDiagnostics.logDeviceList | UsbDiagnostics:   Generic USB3.0 Card Reader (VID: 05E3 PID: 0749) [class 00/00/00, no permission] rejected: no Android interface | if0 08/06/50 (1xbulkIn+1xbulkOut)
08-31 19:09:08.024 I/OPENHU  (18395): [2] UsbDeviceDiagnostics.logDeviceList | UsbDiagnostics:   ASIX AX88179B (VID: 0B95 PID: 1790) [class FF/FF/00, no permission] rejected: vendor-class device, not a phone | if0 FF/FF/00 (1xbulkIn+2xbulkOut+1 other)
08-31 19:09:08.024 I/OPENHU  (18395): [2] UsbDeviceDiagnostics.logDeviceList | UsbDiagnostics:   Fresco Logic, Inc¿Ä Generic Billboard Device (VID: 1D5C PID: 7102) [class 11/00/00, no permission] rejected: device class 0x11 is not a phone | if0 11/00/00 (no endpoints)
08-31 19:09:08.026 I/OPENHU  (18395): [2] UsbReceiver.onReceive | USB Intent: Intent { act=android.hardware.usb.action.USB_DEVICE_ATTACHED flg=0x11000010 (has extras) }
08-31 19:09:08.026 I/OPENHU  (18395): [2] UsbLauncherListener.onUsbAttach | Ignoring non-Android USB device attached in service (VID: 2965): /dev/bus/usb/002/007
08-31 19:09:58.756 I/OPENHU  (18395): [2] UsbReceiver.onReceive | USB Intent: Intent { act=android.hardware.usb.action.USB_DEVICE_DETACHED flg=0x1000010 (has extras) }
08-31 19:09:58.763 I/OPENHU  (18395): [2] UsbDeviceDiagnostics.logDeviceList | UsbDiagnostics: USB list sees 2 USB device(s), 0 usable for Android Auto
08-31 19:09:58.763 I/OPENHU  (18395): [2] UsbDeviceDiagnostics.logDeviceList | UsbDiagnostics:   ASIX AX88179B (VID: 0B95 PID: 1790) [class FF/FF/00, no permission] rejected: vendor-class device, not a phone | if0 FF/FF/00 (1xbulkIn+2xbulkOut+1 other)
08-31 19:09:58.764 I/OPENHU  (18395): [2] UsbDeviceDiagnostics.logDeviceList | UsbDiagnostics:   Fresco Logic, Inc¿Ä Generic Billboard Device (VID: 1D5C PID: 7102) [class 11/00/00, no permission] rejected: device class 0x11 is not a phone | if0 11/00/00 (no endpoints)
08-31 19:09:58.765 I/OPENHU  (18395): [2] UsbReceiver.onReceive | USB Intent: Intent { act=android.hardware.usb.action.USB_DEVICE_DETACHED flg=0x1000010 (has extras) }
08-31 19:09:58.792 I/OPENHU  (18395): [2] UsbReceiver.onReceive | USB Intent: Intent { act=android.hardware.usb.action.USB_DEVICE_DETACHED flg=0x1000010 (has extras) }
08-31 19:09:58.795 I/OPENHU  (18395): [2] UsbDeviceDiagnostics.logDeviceList | UsbDiagnostics: USB list sees 1 USB device(s), 0 usable for Android Auto
08-31 19:09:58.796 I/OPENHU  (18395): [2] UsbDeviceDiagnostics.logDeviceList | UsbDiagnostics:   Fresco Logic, Inc¿Ä Generic Billboard Device (VID: 1D5C PID: 7102) [class 11/00/00, no permission] rejected: device class 0x11 is not a phone | if0 11/00/00 (no endpoints)
08-31 19:09:58.797 I/OPENHU  (18395): [2] UsbReceiver.onReceive | USB Intent: Intent { act=android.hardware.usb.action.USB_DEVICE_DETACHED flg=0x1000010 (has extras) }
08-31 19:09:58.911 I/OPENHU  (18395): [2] UsbReceiver.onReceive | USB Intent: Intent { act=android.hardware.usb.action.USB_DEVICE_DETACHED flg=0x1000010 (has extras) }
08-31 19:09:58.912 I/OPENHU  (18395): [2] UsbDeviceDiagnostics.logDeviceList | UsbDiagnostics: USB list sees 0 USB device(s), 0 usable for Android Auto
08-31 19:09:58.912 I/OPENHU  (18395): [2] UsbDeviceDiagnostics.logDeviceList | UsbDiagnostics: nothing is on the bus. Either the port carries no data, the unit is not in USB host mode, or a wireless adapter is waiting for its phone before it presents itself.
08-31 19:09:58.913 I/OPENHU  (18395): [2] UsbReceiver.onReceive | USB Intent: Intent { act=android.hardware.usb.action.USB_DEVICE_DETACHED flg=0x1000010 (has extras) }
08-31 19:10:10.117 I/OPENHU  (18395): [2] UsbReceiver.onReceive | USB Intent: Intent { act=android.hardware.usb.action.USB_DEVICE_ATTACHED flg=0x11000010 (has extras) }
08-31 19:10:10.150 I/OPENHU  (18395): [2] UsbDeviceDiagnostics.logDeviceList | UsbDiagnostics: USB list sees 1 USB device(s), 0 usable for Android Auto
08-31 19:10:10.150 I/OPENHU  (18395): [2] UsbDeviceDiagnostics.logDeviceList | UsbDiagnostics:   TaiYiLian UGREEN-BT701 (VID: 0A12 PID: 4007) [class 00/00/00, no permission] rejected: no Android interface | if0 03/00/00 (1 other) | if1 03/00/00 (2 other) | if2 01/01/00 (no endpoints) | if3 01/02/00 (no endpoints) | if4 01/02/00 (1 other) | if5 01/02/00 (1 other)
08-31 19:10:10.154 I/OPENHU  (18395): [2] UsbReceiver.onReceive | USB Intent: Intent { act=android.hardware.usb.action.USB_DEVICE_ATTACHED flg=0x11000010 (has extras) }
08-31 19:10:10.156 I/OPENHU  (18395): [2] UsbLauncherListener.onUsbAttach | Ignoring non-Android USB device attached in service (VID: 2578): /dev/bus/usb/002/003
08-31 19:11:26.707 I/OPENHU  (18395): [2] UsbReceiver.onReceive | USB Intent: Intent { act=android.hardware.usb.action.USB_DEVICE_DETACHED flg=0x1000010 (has extras) }
08-31 19:11:26.708 I/OPENHU  (18395): [2] UsbDeviceDiagnostics.logDeviceList | UsbDiagnostics: USB list sees 0 USB device(s), 0 usable for Android Auto
08-31 19:11:26.708 I/OPENHU  (18395): [2] UsbDeviceDiagnostics.logDeviceList | UsbDiagnostics: nothing is on the bus. Either the port carries no data, the unit is not in USB host mode, or a wireless adapter is waiting for its phone before it presents itself.
08-31 19:11:26.709 I/OPENHU  (18395): [2] UsbReceiver.onReceive | USB Intent: Intent { act=android.hardware.usb.action.USB_DEVICE_DETACHED flg=0x1000010 (has extras) }
08-31 19:13:10.504 V/OPENHU  (18395): [2] UsbDeviceDiagnostics.logDeviceList | UsbDiagnostics: USB list sees 1 USB device(s), 1 usable for Android Auto
08-31 19:13:10.505 V/OPENHU  (18395): [2] UsbDeviceDiagnostics.logDeviceList | UsbDiagnostics:   Xiaomi POCO X3 NFC (VID: 18D1 PID: 4EE2) [class 00/00/00, no permission] accepted: PTP | if0 06/01/01 (1xbulkIn+1xbulkOut+1 other) | if1 FF/42/01 (1xbulkIn+1xbulkOut)
08-31 19:13:14.583 V/OPENHU  (18395): [2] UsbDeviceDiagnostics.logDeviceList | UsbDiagnostics: USB button sees 1 USB device(s), 1 usable for Android Auto
08-31 19:13:14.583 V/OPENHU  (18395): [2] UsbDeviceDiagnostics.logDeviceList | UsbDiagnostics:   Xiaomi POCO X3 NFC (VID: 18D1 PID: 4EE2) [class 00/00/00, no permission] accepted: PTP | if0 06/01/01 (1xbulkIn+1xbulkOut+1 other) | if1 FF/42/01 (1xbulkIn+1xbulkOut)
08-31 19:13:14.587 I/OPENHU  (18395): [2] HomeFragment.setupListeners$lambda$13 | USB button: Single device found - Xiaomi POCO X3 NFC (VID: 18D1 PID: 4EE2), auto-connecting
08-31 19:13:14.587 I/OPENHU  (18395): [2] MainActivity.beginAutoConnect | Auto-connect: begin (USB button auto-connect, mode=OVERLAY)
08-31 19:13:22.135 I/OPENHU  (18395): [2] UsbReceiver.onReceive | USB Intent: Intent { act=com.andrerinas.openheadunit.ACTION_USB_DEVICE_PERMISSION flg=0x10 pkg=com.andrerinas.headunitrevived (has extras) }
08-31 19:13:22.142 V/OPENHU  (18395): [2] UsbDeviceDiagnostics.logDeviceList | UsbDiagnostics: USB list sees 1 USB device(s), 1 usable for Android Auto
08-31 19:13:22.142 V/OPENHU  (18395): [2] UsbDeviceDiagnostics.logDeviceList | UsbDiagnostics:   Xiaomi POCO X3 NFC (VID: 18D1 PID: 4EE2) [class 00/00/00, permission] accepted: PTP | if0 06/01/01 (1xbulkIn+1xbulkOut+1 other) | if1 FF/42/01 (1xbulkIn+1xbulkOut)
08-31 19:13:22.143 I/OPENHU  (18395): [2] UsbReceiver.onReceive | USB Intent: Intent { act=com.andrerinas.openheadunit.ACTION_USB_DEVICE_PERMISSION flg=0x10 pkg=com.andrerinas.headunitrevived (has extras) }
08-31 19:13:22.213 I/OPENHU  (18395): [2] UsbReceiver.onReceive | USB Intent: Intent { act=android.hardware.usb.action.USB_DEVICE_DETACHED flg=0x1000010 (has extras) }
08-31 19:13:22.214 I/OPENHU  (18395): [2] UsbDeviceDiagnostics.logDeviceList | UsbDiagnostics: USB list sees 0 USB device(s), 0 usable for Android Auto
08-31 19:13:22.214 I/OPENHU  (18395): [2] UsbDeviceDiagnostics.logDeviceList | UsbDiagnostics: nothing is on the bus. Either the port carries no data, the unit is not in USB host mode, or a wireless adapter is waiting for its phone before it presents itself.
08-31 19:13:22.215 I/OPENHU  (18395): [2] UsbReceiver.onReceive | USB Intent: Intent { act=android.hardware.usb.action.USB_DEVICE_DETACHED flg=0x1000010 (has extras) }
08-31 19:13:23.293 I/OPENHU  (18395): [2] UsbReceiver.onReceive | USB Intent: Intent { act=android.hardware.usb.action.USB_DEVICE_ATTACHED flg=0x11000010 (has extras) }
08-31 19:13:23.315 V/OPENHU  (18395): [2] UsbDeviceDiagnostics.logDeviceList | UsbDiagnostics: USB list sees 1 USB device(s), 1 usable for Android Auto
08-31 19:13:23.315 V/OPENHU  (18395): [2] UsbDeviceDiagnostics.logDeviceList | UsbDiagnostics:   Xiaomi POCO X3 NFC (VID: 18D1 PID: 2D01) [class 00/00/00, no permission] accepted: already in accessory mode | if0 FF/FF/00 (1xbulkIn+1xbulkOut) | if1 FF/42/01 (1xbulkIn+1xbulkOut)
08-31 19:13:23.316 I/OPENHU  (18395): [2] UsbReceiver.onReceive | USB Intent: Intent { act=android.hardware.usb.action.USB_DEVICE_ATTACHED flg=0x11000010 (has extras) }
08-31 19:13:23.317 I/OPENHU  (18395): [2] UsbLauncherListener.onUsbAttach | USB accessory device attached, connecting.
08-31 19:13:23.319 V/OPENHU  (18395): [2] UsbDeviceDiagnostics.logDeviceList | UsbDiagnostics: service scan (force=true) sees 1 USB device(s), 1 usable for Android Auto
08-31 19:13:23.319 V/OPENHU  (18395): [2] UsbDeviceDiagnostics.logDeviceList | UsbDiagnostics:   Xiaomi POCO X3 NFC (VID: 18D1 PID: 2D01) [class 00/00/00, no permission] accepted: already in accessory mode | if0 FF/FF/00 (1xbulkIn+1xbulkOut) | if1 FF/42/01 (1xbulkIn+1xbulkOut)
08-31 19:13:23.320 I/OPENHU  (18395): [2] UsbLauncherManager.checkAlreadyConnected | Found device already in accessory mode: Xiaomi POCO X3 NFC (VID: 18D1 PID: 2D01)
08-31 19:13:23.320 I/OPENHU  (18395): [2] UsbLauncherManager.checkAlreadyConnected | Accessory-mode device has no permission (re-enumerated); requesting permission: Xiaomi POCO X3 NFC (VID: 18D1 PID: 2D01)
08-31 19:13:25.414 I/OPENHU  (18395): [2] UsbReceiver.onReceive | USB Intent: Intent { act=com.andrerinas.openheadunit.ACTION_USB_DEVICE_PERMISSION flg=0x10 pkg=com.andrerinas.headunitrevived (has extras) }
08-31 19:13:25.421 V/OPENHU  (18395): [2] UsbDeviceDiagnostics.logDeviceList | UsbDiagnostics: USB list sees 1 USB device(s), 1 usable for Android Auto
08-31 19:13:25.422 V/OPENHU  (18395): [2] UsbDeviceDiagnostics.logDeviceList | UsbDiagnostics:   Xiaomi POCO X3 NFC (VID: 18D1 PID: 2D01) [class 00/00/00, permission] accepted: already in accessory mode | if0 FF/FF/00 (1xbulkIn+1xbulkOut) | if1 FF/42/01 (1xbulkIn+1xbulkOut)
08-31 19:13:25.424 I/OPENHU  (18395): [2] UsbReceiver.onReceive | USB Intent: Intent { act=com.andrerinas.openheadunit.ACTION_USB_DEVICE_PERMISSION flg=0x10 pkg=com.andrerinas.headunitrevived (has extras) }
08-31 19:14:16.098 I/OPENHU  (18395): [2] UsbReceiver.onReceive | USB Intent: Intent { act=android.hardware.usb.action.USB_DEVICE_DETACHED flg=0x1000010 (has extras) }
08-31 19:14:16.100 I/OPENHU  (18395): [2] UsbDeviceDiagnostics.logDeviceList | UsbDiagnostics: USB list sees 0 USB device(s), 0 usable for Android Auto
08-31 19:14:16.101 I/OPENHU  (18395): [2] UsbDeviceDiagnostics.logDeviceList | UsbDiagnostics: nothing is on the bus. Either the port carries no data, the unit is not in USB host mode, or a wireless adapter is waiting for its phone before it presents itself.
08-31 19:14:16.103 I/OPENHU  (18395): [2] UsbReceiver.onReceive | USB Intent: Intent { act=android.hardware.usb.action.USB_DEVICE_DETACHED flg=0x1000010 (has extras) }
08-31 19:14:17.206 I/OPENHU  (18395): [2] UsbReceiver.onReceive | USB Intent: Intent { act=android.hardware.usb.action.USB_DEVICE_ATTACHED flg=0x11000010 (has extras) }
08-31 19:14:17.217 V/OPENHU  (18395): [2] UsbDeviceDiagnostics.logDeviceList | UsbDiagnostics: USB list sees 1 USB device(s), 1 usable for Android Auto
08-31 19:14:17.217 V/OPENHU  (18395): [2] UsbDeviceDiagnostics.logDeviceList | UsbDiagnostics:   Xiaomi POCO X3 NFC (VID: 18D1 PID: 4EE6) [class 00/00/00, no permission] accepted: PTP | if0 06/01/01 (1xbulkIn+1xbulkOut+1 other) | if1 FF/42/01 (1xbulkIn+1xbulkOut)
08-31 19:14:17.221 I/OPENHU  (18395): [2] UsbReceiver.onReceive | USB Intent: Intent { act=android.hardware.usb.action.USB_DEVICE_ATTACHED flg=0x11000010 (has extras) }
08-31 19:14:17.222 I/OPENHU  (18395): [2] UsbLauncherListener.onUsbAttach | Normal USB device attached: Xiaomi POCO X3 NFC (VID: 18D1 PID: 4EE6). Will check auto-connect in 2000ms...
08-31 19:14:19.232 V/OPENHU  (18395): [2] UsbDeviceDiagnostics.logDeviceList | UsbDiagnostics: service scan (force=true) sees 1 USB device(s), 1 usable for Android Auto
08-31 19:14:19.232 V/OPENHU  (18395): [2] UsbDeviceDiagnostics.logDeviceList | UsbDiagnostics:   Xiaomi POCO X3 NFC (VID: 18D1 PID: 4EE6) [class 00/00/00, no permission] accepted: PTP | if0 06/01/01 (1xbulkIn+1xbulkOut+1 other) | if1 FF/42/01 (1xbulkIn+1xbulkOut)
08-31 19:14:19.235 I/OPENHU  (18395): [2] UsbLauncherManager.checkAlreadyConnected | Fallback: force=true and found single Google normal-mode device Xiaomi POCO X3 NFC (VID: 18D1 PID: 4EE6). Switching to accessory mode.
08-31 19:14:31.872 I/OPENHU  (18395): [2] UsbReceiver.onReceive | USB Intent: Intent { act=android.hardware.usb.action.USB_DEVICE_DETACHED flg=0x1000010 (has extras) }
08-31 19:14:31.881 I/OPENHU  (18395): [2] UsbDeviceDiagnostics.logDeviceList | UsbDiagnostics: USB list sees 0 USB device(s), 0 usable for Android Auto
08-31 19:14:31.882 I/OPENHU  (18395): [2] UsbDeviceDiagnostics.logDeviceList | UsbDiagnostics: nothing is on the bus. Either the port carries no data, the unit is not in USB host mode, or a wireless adapter is waiting for its phone before it presents itself.
08-31 19:14:31.884 I/OPENHU  (18395): [2] UsbReceiver.onReceive | USB Intent: Intent { act=android.hardware.usb.action.USB_DEVICE_DETACHED flg=0x1000010 (has extras) }
08-31 19:14:31.960 I/OPENHU  (18395): [2] UsbReceiver.onReceive | USB Intent: Intent { act=com.andrerinas.openheadunit.ACTION_USB_DEVICE_PERMISSION flg=0x10 pkg=com.andrerinas.headunitrevived (has extras) }
08-31 19:14:31.962 I/OPENHU  (18395): [2] UsbReceiver.onReceive | USB Intent: Intent { act=com.andrerinas.openheadunit.ACTION_USB_DEVICE_PERMISSION flg=0x10 pkg=com.andrerinas.headunitrevived (has extras) }
08-31 19:14:33.065 I/OPENHU  (18395): [2] UsbReceiver.onReceive | USB Intent: Intent { act=android.hardware.usb.action.USB_DEVICE_ATTACHED flg=0x11000010 (has extras) }
08-31 19:14:33.088 V/OPENHU  (18395): [2] UsbDeviceDiagnostics.logDeviceList | UsbDiagnostics: USB list sees 1 USB device(s), 1 usable for Android Auto
08-31 19:14:33.089 V/OPENHU  (18395): [2] UsbDeviceDiagnostics.logDeviceList | UsbDiagnostics:   Xiaomi POCO X3 NFC (VID: 05C6 PID: 90DB) [class 00/00/00, no permission] accepted: ADB | if0 FF/FF/30 (1xbulkIn+1xbulkOut) | if1 FF/FF/40 (1xbulkIn+1xbulkOut+1 other) | if2 FF/FF/50 (1xbulkIn+1xbulkOut+1 other) | if3 FF/FF/80 (1xbulkIn) | if4 FF/FF/70 (1xbulkIn) | if5 FF/42/01 (1xbulkIn+1xbulkOut)
08-31 19:14:33.091 I/OPENHU  (18395): [2] UsbReceiver.onReceive | USB Intent: Intent { act=android.hardware.usb.action.USB_DEVICE_ATTACHED flg=0x11000010 (has extras) }
08-31 19:14:33.092 I/OPENHU  (18395): [2] UsbLauncherListener.onUsbAttach | Normal USB device attached: Xiaomi POCO X3 NFC (VID: 05C6 PID: 90DB). Will check auto-connect in 2000ms...
08-31 19:14:35.123 V/OPENHU  (18395): [2] UsbDeviceDiagnostics.logDeviceList | UsbDiagnostics: service scan (force=true) sees 1 USB device(s), 1 usable for Android Auto
08-31 19:14:35.126 V/OPENHU  (18395): [2] UsbDeviceDiagnostics.logDeviceList | UsbDiagnostics:   Xiaomi POCO X3 NFC (VID: 05C6 PID: 90DB) [class 00/00/00, no permission] accepted: ADB | if0 FF/FF/30 (1xbulkIn+1xbulkOut) | if1 FF/FF/40 (1xbulkIn+1xbulkOut+1 other) | if2 FF/FF/50 (1xbulkIn+1xbulkOut+1 other) | if3 FF/FF/80 (1xbulkIn) | if4 FF/FF/70 (1xbulkIn) | if5 FF/42/01 (1xbulkIn+1xbulkOut)
08-31 19:14:44.281 I/OPENHU  (18395): [2] UsbReceiver.onReceive | USB Intent: Intent { act=android.hardware.usb.action.USB_DEVICE_DETACHED flg=0x1000010 (has extras) }
08-31 19:14:44.855 I/OPENHU  (18395): [2] UsbReceiver.onReceive | USB Intent: Intent { act=android.hardware.usb.action.USB_DEVICE_ATTACHED flg=0x11000010 (has extras) }
08-31 19:14:44.858 I/OPENHU  (18395): [2] UsbLauncherListener.onUsbAttach | Normal USB device attached: Xiaomi POCO X3 NFC (VID: 18D1 PID: 4EE6). Will check auto-connect in 2000ms...
08-31 19:14:45.580 I/OPENHU  (18395): [2] UsbReceiver.onReceive | USB Intent: Intent { act=android.hardware.usb.action.USB_DEVICE_DETACHED flg=0x1000010 (has extras) }
08-31 19:14:46.228 I/OPENHU  (18395): [2] UsbReceiver.onReceive | USB Intent: Intent { act=android.hardware.usb.action.USB_DEVICE_ATTACHED flg=0x11000010 (has extras) }
08-31 19:14:46.229 I/OPENHU  (18395): [2] UsbLauncherListener.onUsbAttach | Normal USB device attached: Xiaomi POCO X3 NFC (VID: 05C6 PID: 90DB). Will check auto-connect in 2000ms...
08-31 19:15:00.625 I/OPENHU  (18395): [2] UsbReceiver.onReceive | USB Intent: Intent { act=android.hardware.usb.action.USB_DEVICE_DETACHED flg=0x1000010 (has extras) }
08-31 19:15:01.293 I/OPENHU  (18395): [2] UsbReceiver.onReceive | USB Intent: Intent { act=android.hardware.usb.action.USB_DEVICE_ATTACHED flg=0x11000010 (has extras) }
08-31 19:15:01.301 I/OPENHU  (18395): [2] UsbLauncherListener.onUsbAttach | Normal USB device attached: Xiaomi POCO X3 NFC (VID: 05C6 PID: 90DB). Will check auto-connect in 2000ms...
08-31 19:15:12.508 I/OPENHU  (18395): [2] UsbReceiver.onReceive | USB Intent: Intent { act=android.hardware.usb.action.USB_DEVICE_DETACHED flg=0x1000010 (has extras) }
08-31 19:15:13.110 I/OPENHU  (18395): [2] UsbReceiver.onReceive | USB Intent: Intent { act=android.hardware.usb.action.USB_DEVICE_ATTACHED flg=0x11000010 (has extras) }
08-31 19:15:13.111 I/OPENHU  (18395): [2] UsbLauncherListener.onUsbAttach | Normal USB device attached: Xiaomi POCO X3 NFC (VID: 18D1 PID: 4EE6). Will check auto-connect in 2000ms...
08-31 19:15:15.123 V/OPENHU  (18395): [2] UsbDeviceDiagnostics.logDeviceList | UsbDiagnostics: service scan (force=true) sees 1 USB device(s), 1 usable for Android Auto
08-31 19:15:15.124 V/OPENHU  (18395): [2] UsbDeviceDiagnostics.logDeviceList | UsbDiagnostics:   Xiaomi POCO X3 NFC (VID: 18D1 PID: 4EE6) [class 00/00/00, no permission] accepted: PTP | if0 06/01/01 (1xbulkIn+1xbulkOut+1 other) | if1 FF/42/01 (1xbulkIn+1xbulkOut)
08-31 19:15:15.126 I/OPENHU  (18395): [2] UsbLauncherManager.checkAlreadyConnected | Fallback: force=true and found single Google normal-mode device Xiaomi POCO X3 NFC (VID: 18D1 PID: 4EE6). Switching to accessory mode.
08-31 19:16:00.139 I/OPENHU  (18395): [2] UsbReceiver.onReceive | USB Intent: Intent { act=android.hardware.usb.action.USB_DEVICE_DETACHED flg=0x1000010 (has extras) }
08-31 19:16:00.139 I/OPENHU  (18395): [2] UsbReceiver.onReceive | USB Intent: Intent { act=com.andrerinas.openheadunit.ACTION_USB_DEVICE_PERMISSION flg=0x10 pkg=com.andrerinas.headunitrevived (has extras) }
08-31 19:16:01.019 I/OPENHU  (18395): [2] UsbReceiver.onReceive | USB Intent: Intent { act=android.hardware.usb.action.USB_DEVICE_ATTACHED flg=0x11000010 (has extras) }
08-31 19:16:01.024 I/OPENHU  (18395): [2] UsbLauncherListener.onUsbAttach | Normal USB device attached: Xiaomi POCO X3 NFC (VID: 18D1 PID: 4EE6). Will check auto-connect in 2000ms...
08-31 19:16:03.047 I/OPENHU  (18395): [2] UsbLauncherManager.checkAlreadyConnected | Fallback: force=true and found single Google normal-mode device Xiaomi POCO X3 NFC (VID: 18D1 PID: 4EE6). Switching to accessory mode.
08-31 19:16:04.104 I/OPENHU  (18395): [2] UsbReceiver.onReceive | USB Intent: Intent { act=android.hardware.usb.action.USB_DEVICE_DETACHED flg=0x1000010 (has extras) }
08-31 19:16:04.105 I/OPENHU  (18395): [2] UsbReceiver.onReceive | USB Intent: Intent { act=com.andrerinas.openheadunit.ACTION_USB_DEVICE_PERMISSION flg=0x10 pkg=com.andrerinas.headunitrevived (has extras) }
08-31 19:16:05.095 I/OPENHU  (18395): [2] UsbReceiver.onReceive | USB Intent: Intent { act=android.hardware.usb.action.USB_DEVICE_ATTACHED flg=0x11000010 (has extras) }
08-31 19:16:05.101 I/OPENHU  (18395): [2] UsbLauncherListener.onUsbAttach | Normal USB device attached: Xiaomi POCO X3 NFC (VID: 18D1 PID: 4EE6). Will check auto-connect in 2000ms...
08-31 19:16:07.114 I/OPENHU  (18395): [2] UsbLauncherManager.checkAlreadyConnected | Fallback: force=true and found single Google normal-mode device Xiaomi POCO X3 NFC (VID: 18D1 PID: 4EE6). Switching to accessory mode.
08-31 19:16:22.172 I/OPENHU  (18395): [2] UsbReceiver.onReceive | USB Intent: Intent { act=android.hardware.usb.action.USB_DEVICE_DETACHED flg=0x1000010 (has extras) }
08-31 19:16:22.173 I/OPENHU  (18395): [2] UsbReceiver.onReceive | USB Intent: Intent { act=com.andrerinas.openheadunit.ACTION_USB_DEVICE_PERMISSION flg=0x10 pkg=com.andrerinas.headunitrevived (has extras) }
08-31 19:16:22.832 I/OPENHU  (18395): [2] UsbReceiver.onReceive | USB Intent: Intent { act=android.hardware.usb.action.USB_DEVICE_ATTACHED flg=0x11000010 (has extras) }
08-31 19:16:22.837 I/OPENHU  (18395): [2] UsbLauncherListener.onUsbAttach | Normal USB device attached: Xiaomi POCO X3 NFC (VID: 05C6 PID: 90DB). Will check auto-connect in 2000ms...
08-31 19:16:24.845 V/OPENHU  (18395): [2] UsbDeviceDiagnostics.logDeviceList | UsbDiagnostics: service scan (force=true) sees 1 USB device(s), 1 usable for Android Auto
08-31 19:16:24.846 V/OPENHU  (18395): [2] UsbDeviceDiagnostics.logDeviceList | UsbDiagnostics:   Xiaomi POCO X3 NFC (VID: 05C6 PID: 90DB) [class 00/00/00, no permission] accepted: ADB | if0 FF/FF/30 (1xbulkIn+1xbulkOut) | if1 FF/FF/40 (1xbulkIn+1xbulkOut+1 other) | if2 FF/FF/50 (1xbulkIn+1xbulkOut+1 other) | if3 FF/FF/80 (1xbulkIn) | if4 FF/FF/70 (1xbulkIn) | if5 FF/42/01 (1xbulkIn+1xbulkOut)
08-31 19:17:49.683 I/OPENHU  (18395): [2] UsbReceiver.onReceive | USB Intent: Intent { act=android.hardware.usb.action.USB_DEVICE_DETACHED flg=0x1000010 (has extras) }
08-31 19:17:50.269 I/OPENHU  (18395): [2] UsbReceiver.onReceive | USB Intent: Intent { act=android.hardware.usb.action.USB_DEVICE_ATTACHED flg=0x11000010 (has extras) }
08-31 19:17:50.272 I/OPENHU  (18395): [2] UsbLauncherListener.onUsbAttach | Normal USB device attached: Xiaomi POCO X3 NFC (VID: 18D1 PID: 4EE1). Will check auto-connect in 2000ms...
08-31 19:17:52.290 V/OPENHU  (18395): [2] UsbDeviceDiagnostics.logDeviceList | UsbDiagnostics: service scan (force=true) sees 1 USB device(s), 1 usable for Android Auto
08-31 19:17:52.291 V/OPENHU  (18395): [2] UsbDeviceDiagnostics.logDeviceList | UsbDiagnostics:   Xiaomi POCO X3 NFC (VID: 18D1 PID: 4EE1) [class 00/00/00, no permission] accepted: PTP | if0 06/01/01 (1xbulkIn+1xbulkOut+1 other)
08-31 19:17:52.293 I/OPENHU  (18395): [2] UsbLauncherManager.checkAlreadyConnected | Fallback: force=true and found single Google normal-mode device Xiaomi POCO X3 NFC (VID: 18D1 PID: 4EE1). Switching to accessory mode.
