--------- beginning of system
08-31 19:08:28.916 W/ActivityTaskManager( 1809): callingPackage for (uid=2000, pid=18372) has no WPC
08-31 19:08:28.935 I/ActivityTaskManager( 1809): START u0 {act=android.intent.action.MAIN cat=[android.intent.category.LAUNCHER] flg=0x10200000 cmp=com.andrerinas.headunitrevived/com.andrerinas.openheadunit.main.MainActivity} with LAUNCH_SINGLE_TASK from uid 2000 (startActivityAsUser) (BAL_ALLOW_PERMISSION) result code=0
08-31 19:08:29.495 I/ActivityTaskManager( 1809): Config changes=20000480 {1.0 732mcc111mnc [en_US] ldltr sw411dp w876dp h363dp 420dpi nrml long layoutCompatNeeded widecg land car night finger -keyb/v/h -nav/h winConfig={ mBounds=Rect(0, 0 - 2400, 1080) mAppBounds=Rect(100, 0 - 2400, 1017) mMaxBounds=Rect(0, 0 - 2400, 1080) mDisplayRotation=ROTATION_90 mWindowingMode=fullscreen mDisplayWindowingMode=fullscreen mActivityType=undefined mAlwaysOnTop=undefined mRotation=ROTATION_90} as.2 s.44056 fontWeightAdjustment=0 spntigo gidnull}
08-31 19:08:30.288 W/ActivityTaskManager( 1809): activity boost didn't release as expected
--------- beginning of main
08-31 19:08:30.292 I/ActivityTaskManager( 1809): Displayed com.andrerinas.headunitrevived/com.andrerinas.openheadunit.main.MainActivity for user 0: +1s372ms
08-31 19:08:30.931 W/ActivityTaskManager( 1809): Request to remove task ignored for non-existent task 2914
08-31 19:08:51.489 D/UsbHostManager( 1809): Removed device at /dev/bus/usb/003/001 was already gone
08-31 19:08:51.607 D/UsbHostManager( 1809): Removed device at /dev/bus/usb/002/003: USB3.0 Card Reader
08-31 19:08:51.661 D/UsbHostManager( 1809): Removed device at /dev/bus/usb/002/007: AX88179B
08-31 19:08:51.668 D/UsbHostManager( 1809): Removed device at /dev/bus/usb/002/006: Generic Billboard Device
08-31 19:08:51.677 D/UsbHostManager( 1809): Removed device at /dev/bus/usb/002/004 was already gone
08-31 19:08:51.703 D/UsbHostManager( 1809): Removed device at /dev/bus/usb/002/002 was already gone
08-31 19:08:51.735 D/UsbHostManager( 1809): Removed device at /dev/bus/usb/002/001 was already gone
08-31 19:09:03.324 D/UsbHostManager( 1809): USB device attached: vidpid 05e3:0749 mfg/product/ver/serial Generic/USB3.0 Card Reader/15.35/000000001536 hasAudio/HID/Storage: false/false/true
08-31 19:09:03.329 D/UsbHostManager( 1809): Added device UsbDevice[mName=/dev/bus/usb/002/003,mVendorId=1507,mProductId=1865,mClass=0,mSubclass=0,mProtocol=0,mManufacturerName=Generic,mProductName=USB3.0 Card Reader,mVersion=15.35,mSerialNumberReader=com.android.server.usb.UsbSerialReader@19548b, mHasAudioPlayback=false, mHasAudioCapture=false, mHasMidi=false, mHasVideoCapture=false, mHasVideoPlayback=false, mConfigurations=[
08-31 19:09:03.329 D/UsbHostManager( 1809): UsbConfiguration[mId=1,mName=null,mAttributes=128,mMaxPower=250,mInterfaces=[
08-31 19:09:03.329 D/UsbHostManager( 1809): UsbInterface[mId=0,mAlternateSetting=0,mName=null,mClass=8,mSubclass=6,mProtocol=80,mEndpoints=[
08-31 19:09:03.329 D/UsbHostManager( 1809): UsbEndpoint[mAddress=129,mAttributes=2,mMaxPacketSize=512,mInterval=0]
08-31 19:09:03.329 D/UsbHostManager( 1809): UsbEndpoint[mAddress=2,mAttributes=2,mMaxPacketSize=512,mInterval=0]]]]
08-31 19:09:05.142 D/UsbHostManager( 1809): USB device attached: vidpid 0b95:1790 mfg/product/ver/serial ASIX/AX88179B/2.00/006C1FF7C0DD09 hasAudio/HID/Storage: false/false/false
08-31 19:09:05.148 D/UsbHostManager( 1809): Added device UsbDevice[mName=/dev/bus/usb/002/005,mVendorId=2965,mProductId=6032,mClass=0,mSubclass=0,mProtocol=0,mManufacturerName=ASIX,mProductName=AX88179B,mVersion=2.00,mSerialNumberReader=com.android.server.usb.UsbSerialReader@e11035f, mHasAudioPlayback=false, mHasAudioCapture=false, mHasMidi=false, mHasVideoCapture=false, mHasVideoPlayback=false, mConfigurations=[
08-31 19:09:05.148 D/UsbHostManager( 1809): UsbConfiguration[mId=1,mName=null,mAttributes=160,mMaxPower=50,mInterfaces=[
08-31 19:09:05.148 D/UsbHostManager( 1809): UsbInterface[mId=0,mAlternateSetting=0,mName=Network_Interface,mClass=255,mSubclass=255,mProtocol=0,mEndpoints=[
08-31 19:09:05.148 D/UsbHostManager( 1809): UsbEndpoint[mAddress=129,mAttributes=3,mMaxPacketSize=16,mInterval=11]
08-31 19:09:05.148 D/UsbHostManager( 1809): UsbEndpoint[mAddress=130,mAttributes=2,mMaxPacketSize=512,mInterval=0]
08-31 19:09:05.148 D/UsbHostManager( 1809): UsbEndpoint[mAddress=3,mAttributes=2,mMaxPacketSize=512,mInterval=0]
08-31 19:09:05.148 D/UsbHostManager( 1809): UsbEndpoint[mAddress=5,mAttributes=2,mMaxPacketSize=512,mInterval=0]]]
08-31 19:09:05.148 D/UsbHostManager( 1809): UsbConfiguration[mId=2,mName=null,mAttributes=160,mMaxPower=50,mInterfaces=[
08-31 19:09:05.148 D/UsbHostManager( 1809): UsbInterface[mId=0,mAlternateSetting=0,mName=null,mClass=2,mSubclass=13,mProtocol=0,mEndpoints=[
08-31 19:09:05.148 D/UsbHostManager( 1809): UsbEndpoint[mAddress=129,mAttributes=3,mMaxPacketSize=16,mInterval=11]]
08-31 19:09:05.148 D/UsbHostManager( 1809): UsbInterface[mId=1,mAlternateSetting=0,mName=null,mClass=10,mSubclass=0,mProtocol=1,mEndpoints=[]
08-31 19:09:05.148 D/UsbHostManager( 1809): UsbInterface[mId=1,mAlternateSetting=1,mName=null,mClass=10,mSubclass=0,mProtocol=1,mEndpoints=[
08-31 19:09:05.148 D/UsbHostManager( 1809): UsbEndpoint[mAddress=130,mAttributes=2,mMaxPacketSize=512,mInterval=0]
08-31 19:09:05.148 D/UsbHostManager( 1809): UsbEndpoint[mAddress=3,mAttributes=2,mMaxPacketSize=512,mInterval=0]]]
08-31 19:09:05.148 D/UsbHostManager( 1809): UsbConfiguration[mId=3,mName=null,mAttributes=160,mMaxPower=50,mInterfaces=[
08-31 19:09:05.148 D/UsbHostManager( 1809): UsbInterface[mId=0,mAlternateSetting=0,mName=null,mClass=2,mSubclass=6,mProtocol=0,mEndpoints=[
08-31 19:09:05.148 D/UsbHostManager( 1809): UsbEndpoint[mAddress=129,mAttributes=3,mMaxPacketSize=16,mInterval=11]]
08-31 19:09:05.148 D/UsbHostManager( 1809): UsbInterface[mId=1,mAlternateSetting=0,mName=null,mClass=10,mSubclass=0,mProtocol=0,mEndpoints=[]
08-31 19:09:05.148 D/UsbHostManager( 1809): UsbInterface[mId=1,mAlternateSetting=1,mName=null,mClass=10,mSubclass=0,mProtocol=0,mEndpoints=[
08-31 19:09:05.148 D/UsbHostManager( 1809): UsbEndpoint[mAddress=130,mAttributes=2,mMaxPacketSize=512,mInterval=0]
08-31 19:09:05.148 D/UsbHostManager( 1809): UsbEndpoint[mAddress=3,mAttributes=2,mMaxPacketSize=512,mInterval=0]]]]
08-31 19:09:05.175 I/ActivityTaskManager( 1809): START u0 {flg=0x10000000 cmp=com.android.systemui/.usb.UsbResolverActivity (has extras)} with LAUNCH_MULTIPLE from uid 1000 (startActivityAsUser) (BAL_ALLOW_ALLOWLISTED_UID) result code=0
08-31 19:09:05.187 I/ActivityTaskManager( 1809): The Process com.android.systemui Already Exists in BG. So sending its PID: 2649
08-31 19:09:05.268 W/ActivityTaskManager( 1809): activity boost didn't release as expected
08-31 19:09:05.286 I/ActivityTaskManager( 1809): Displayed com.android.systemui/.usb.UsbResolverActivity for user 0: +115ms
08-31 19:09:05.313 D/UsbHostManager( 1809): USB device attached: vidpid 1d5c:7102 mfg/product/ver/serial Fresco Logic, Inc¿Ä/Generic Billboard Device/1.00/null hasAudio/HID/Storage: false/false/false
08-31 19:09:05.315 D/UsbHostManager( 1809): Added device UsbDevice[mName=/dev/bus/usb/002/006,mVendorId=7516,mProductId=28930,mClass=17,mSubclass=0,mProtocol=0,mManufacturerName=Fresco Logic, Inc¿Ä,mProductName=Generic Billboard Device,mVersion=1.00,mSerialNumberReader=com.android.server.usb.UsbSerialReader@c28c67d, mHasAudioPlayback=false, mHasAudioCapture=false, mHasMidi=false, mHasVideoCapture=false, mHasVideoPlayback=false, mConfigurations=[
08-31 19:09:05.315 D/UsbHostManager( 1809): UsbConfiguration[mId=1,mName=null,mAttributes=192,mMaxPower=0,mInterfaces=[
08-31 19:09:05.315 D/UsbHostManager( 1809): UsbInterface[mId=0,mAlternateSetting=0,mName=null,mClass=17,mSubclass=0,mProtocol=0,mEndpoints=[]]]
08-31 19:09:07.236 D/UsbHostManager( 1809): Removed device at /dev/bus/usb/002/005: AX88179B
08-31 19:09:07.376 W/ActivityTaskManager( 1809): Finishing task with all activities already finished
08-31 19:09:07.376 W/ActivityTaskManager( 1809): Duplicate finish request for r=ActivityRecord{b74acf1 u0 com.android.systemui/.usb.UsbResolverActivity t2916 f}}
08-31 19:09:07.991 D/UsbHostManager( 1809): USB device attached: vidpid 0b95:1790 mfg/product/ver/serial ASIX/AX88179B/2.00/006C1FF7C0DD09 hasAudio/HID/Storage: false/false/false
08-31 19:09:07.996 D/UsbHostManager( 1809): Added device UsbDevice[mName=/dev/bus/usb/002/007,mVendorId=2965,mProductId=6032,mClass=255,mSubclass=255,mProtocol=0,mManufacturerName=ASIX,mProductName=AX88179B,mVersion=2.00,mSerialNumberReader=com.android.server.usb.UsbSerialReader@6794b64, mHasAudioPlayback=false, mHasAudioCapture=false, mHasMidi=false, mHasVideoCapture=false, mHasVideoPlayback=false, mConfigurations=[
08-31 19:09:07.996 D/UsbHostManager( 1809): UsbConfiguration[mId=1,mName=null,mAttributes=160,mMaxPower=50,mInterfaces=[
08-31 19:09:07.996 D/UsbHostManager( 1809): UsbInterface[mId=0,mAlternateSetting=0,mName=Network_Interface,mClass=255,mSubclass=255,mProtocol=0,mEndpoints=[
08-31 19:09:07.996 D/UsbHostManager( 1809): UsbEndpoint[mAddress=129,mAttributes=3,mMaxPacketSize=16,mInterval=11]
08-31 19:09:07.996 D/UsbHostManager( 1809): UsbEndpoint[mAddress=130,mAttributes=2,mMaxPacketSize=512,mInterval=0]
08-31 19:09:07.996 D/UsbHostManager( 1809): UsbEndpoint[mAddress=3,mAttributes=2,mMaxPacketSize=512,mInterval=0]
08-31 19:09:07.996 D/UsbHostManager( 1809): UsbEndpoint[mAddress=5,mAttributes=2,mMaxPacketSize=512,mInterval=0]]]]
08-31 19:09:08.019 I/ActivityTaskManager( 1809): START u0 {flg=0x10000000 cmp=com.android.systemui/.usb.UsbResolverActivity (has extras)} with LAUNCH_MULTIPLE from uid 1000 (startActivityAsUser) (BAL_ALLOW_ALLOWLISTED_UID) result code=0
08-31 19:09:08.029 I/ActivityTaskManager( 1809): The Process com.android.systemui Already Exists in BG. So sending its PID: 2649
08-31 19:09:08.116 W/ActivityTaskManager( 1809): activity boost didn't release as expected
08-31 19:09:08.134 I/ActivityTaskManager( 1809): Displayed com.android.systemui/.usb.UsbResolverActivity for user 0: +114ms
=0x1000010 (has extras) }
08-31 19:08:51.684 I/OPENHU  (18395): [2] UsbReceiver.onReceive | USB Intent: Intent { act=android.hardware.usb.action.USB_DEVICE_DETACHED flg=0x1000010 (has extras) }
08-31 19:08:51.686 I/OPENHU  (18395): [2] UsbDeviceDiagnostics.logDeviceList | UsbDiagnostics: USB list sees 0 USB device(s), 0 usable for Android Auto
08-31 19:08:51.690 I/OPENHU  (18395): [2] UsbDeviceDiagnostics.logDeviceList | UsbDiagnostics: nothing is on the bus. Either the port carries no data, the unit is not in USB host mode, or a wireless adapter is waiting for its phone before it presents itself.
08-31 19:08:51.691 I/OPENHU  (18395): [2] UsbReceiver.onReceive | USB Intent: Intent { act=android.hardware.usb.action.USB_DEVICE_DETACHED flg=0x1000010 (has extras) }
08-31 19:08:51.703 D/UsbHostManager( 1809): Removed device at /dev/bus/usb/002/002 was already gone
08-31 19:08:51.735 D/UsbHostManager( 1809): Removed device at /dev/bus/usb/002/001 was already gone
08-31 19:09:03.324 D/UsbHostManager( 1809): USB device attached: vidpid 05e3:0749 mfg/product/ver/serial Generic/USB3.0 Card Reader/15.35/000000001536 hasAudio/HID/Storage: false/false/true
08-31 19:09:03.329 D/UsbHostManager( 1809): Added device UsbDevice[mName=/dev/bus/usb/002/003,mVendorId=1507,mProductId=1865,mClass=0,mSubclass=0,mProtocol=0,mManufacturerName=Generic,mProductName=USB3.0 Card Reader,mVersion=15.35,mSerialNumberReader=com.android.server.usb.UsbSerialReader@19548b, mHasAudioPlayback=false, mHasAudioCapture=false, mHasMidi=false, mHasVideoCapture=false, mHasVideoPlayback=false, mConfigurations=[
08-31 19:09:03.329 D/UsbHostManager( 1809): UsbConfiguration[mId=1,mName=null,mAttributes=128,mMaxPower=250,mInterfaces=[
08-31 19:09:03.329 D/UsbHostManager( 1809): UsbInterface[mId=0,mAlternateSetting=0,mName=null,mClass=8,mSubclass=6,mProtocol=80,mEndpoints=[
08-31 19:09:03.329 D/UsbHostManager( 1809): UsbEndpoint[mAddress=129,mAttributes=2,mMaxPacketSize=512,mInterval=0]
08-31 19:09:03.329 D/UsbHostManager( 1809): UsbEndpoint[mAddress=2,mAttributes=2,mMaxPacketSize=512,mInterval=0]]]]
08-31 19:09:03.339 I/OPENHU  (18395): [2] UsbReceiver.onReceive | USB Intent: Intent { act=android.hardware.usb.action.USB_DEVICE_ATTACHED flg=0x11000010 (has extras) }
08-31 19:09:03.351 I/OPENHU  (18395): [2] UsbDeviceDiagnostics.logDeviceList | UsbDiagnostics: USB list sees 1 USB device(s), 0 usable for Android Auto
08-31 19:09:03.352 I/OPENHU  (18395): [2] UsbDeviceDiagnostics.logDeviceList | UsbDiagnostics:   Generic USB3.0 Card Reader (VID: 05E3 PID: 0749) [class 00/00/00, no permission] rejected: no Android interface | if0 08/06/50 (1xbulkIn+1xbulkOut)
08-31 19:09:03.355 I/OPENHU  (18395): [2] UsbReceiver.onReceive | USB Intent: Intent { act=android.hardware.usb.action.USB_DEVICE_ATTACHED flg=0x11000010 (has extras) }
08-31 19:09:03.358 I/OPENHU  (18395): [2] UsbLauncherListener.onUsbAttach | Ignoring non-Android USB device attached in service (VID: 1507): /dev/bus/usb/002/003
08-31 19:09:05.142 D/UsbHostManager( 1809): USB device attached: vidpid 0b95:1790 mfg/product/ver/serial ASIX/AX88179B/2.00/006C1FF7C0DD09 hasAudio/HID/Storage: false/false/false
08-31 19:09:05.148 D/UsbHostManager( 1809): Added device UsbDevice[mName=/dev/bus/usb/002/005,mVendorId=2965,mProductId=6032,mClass=0,mSubclass=0,mProtocol=0,mManufacturerName=ASIX,mProductName=AX88179B,mVersion=2.00,mSerialNumberReader=com.android.server.usb.UsbSerialReader@e11035f, mHasAudioPlayback=false, mHasAudioCapture=false, mHasMidi=false, mHasVideoCapture=false, mHasVideoPlayback=false, mConfigurations=[
08-31 19:09:05.148 D/UsbHostManager( 1809): UsbConfiguration[mId=1,mName=null,mAttributes=160,mMaxPower=50,mInterfaces=[
08-31 19:09:05.148 D/UsbHostManager( 1809): UsbInterface[mId=0,mAlternateSetting=0,mName=Network_Interface,mClass=255,mSubclass=255,mProtocol=0,mEndpoints=[
08-31 19:09:05.148 D/UsbHostManager( 1809): UsbEndpoint[mAddress=129,mAttributes=3,mMaxPacketSize=16,mInterval=11]
08-31 19:09:05.148 D/UsbHostManager( 1809): UsbEndpoint[mAddress=130,mAttributes=2,mMaxPacketSize=512,mInterval=0]
08-31 19:09:05.148 D/UsbHostManager( 1809): UsbEndpoint[mAddress=3,mAttributes=2,mMaxPacketSize=512,mInterval=0]
08-31 19:09:05.148 D/UsbHostManager( 1809): UsbEndpoint[mAddress=5,mAttributes=2,mMaxPacketSize=512,mInterval=0]]]
08-31 19:09:05.148 D/UsbHostManager( 1809): UsbConfiguration[mId=2,mName=null,mAttributes=160,mMaxPower=50,mInterfaces=[
08-31 19:09:05.148 D/UsbHostManager( 1809): UsbInterface[mId=0,mAlternateSetting=0,mName=null,mClass=2,mSubclass=13,mProtocol=0,mEndpoints=[
08-31 19:09:05.148 D/UsbHostManager( 1809): UsbEndpoint[mAddress=129,mAttributes=3,mMaxPacketSize=16,mInterval=11]]
08-31 19:09:05.148 D/UsbHostManager( 1809): UsbInterface[mId=1,mAlternateSetting=0,mName=null,mClass=10,mSubclass=0,mProtocol=1,mEndpoints=[]
08-31 19:09:05.148 D/UsbHostManager( 1809): UsbInterface[mId=1,mAlternateSetting=1,mName=null,mClass=10,mSubclass=0,mProtocol=1,mEndpoints=[
08-31 19:09:05.148 D/UsbHostManager( 1809): UsbEndpoint[mAddress=130,mAttributes=2,mMaxPacketSize=512,mInterval=0]
08-31 19:09:05.148 D/UsbHostManager( 1809): UsbEndpoint[mAddress=3,mAttributes=2,mMaxPacketSize=512,mInterval=0]]]
08-31 19:09:05.148 D/UsbHostManager( 1809): UsbConfiguration[mId=3,mName=null,mAttributes=160,mMaxPower=50,mInterfaces=[
08-31 19:09:05.148 D/UsbHostManager( 1809): UsbInterface[mId=0,mAlternateSetting=0,mName=null,mClass=2,mSubclass=6,mProtocol=0,mEndpoints=[
08-31 19:09:05.148 D/UsbHostManager( 1809): UsbEndpoint[mAddress=129,mAttributes=3,mMaxPacketSize=16,mInterval=11]]
08-31 19:09:05.148 D/UsbHostManager( 1809): UsbInterface[mId=1,mAlternateSetting=0,mName=null,mClass=10,mSubclass=0,mProtocol=0,mEndpoints=[]
08-31 19:09:05.148 D/UsbHostManager( 1809): UsbInterface[mId=1,mAlternateSetting=1,mName=null,mClass=10,mSubclass=0,mProtocol=0,mEndpoints=[
08-31 19:09:05.148 D/UsbHostManager( 1809): UsbEndpoint[mAddress=130,mAttributes=2,mMaxPacketSize=512,mInterval=0]
08-31 19:09:05.148 D/UsbHostManager( 1809): UsbEndpoint[mAddress=3,mAttributes=2,mMaxPacketSize=512,mInterval=0]]]]
08-31 19:09:05.154 I/OPENHU  (18395): [2] UsbReceiver.onReceive | USB Intent: Intent { act=android.hardware.usb.action.USB_DEVICE_ATTACHED flg=0x11000010 (has extras) }
08-31 19:09:05.175 I/ActivityTaskManager( 1809): START u0 {flg=0x10000000 cmp=com.android.systemui/.usb.UsbResolverActivity (has extras)} with LAUNCH_MULTIPLE from uid 1000 (startActivityAsUser) (BAL_ALLOW_ALLOWLISTED_UID) result code=0
08-31 19:09:05.181 I/OPENHU  (18395): [2] UsbDeviceDiagnostics.logDeviceList | UsbDiagnostics: USB list sees 2 USB device(s), 0 usable for Android Auto
08-31 19:09:05.181 I/OPENHU  (18395): [2] UsbDeviceDiagnostics.logDeviceList | UsbDiagnostics:   Generic USB3.0 Card Reader (VID: 05E3 PID: 0749) [class 00/00/00, no permission] rejected: no Android interface | if0 08/06/50 (1xbulkIn+1xbulkOut)
08-31 19:09:05.181 I/OPENHU  (18395): [2] UsbDeviceDiagnostics.logDeviceList | UsbDiagnostics:   ASIX AX88179B (VID: 0B95 PID: 1790) [class 00/00/00, no permission] rejected: CDC network adapter | if0 FF/FF/00 (1xbulkIn+2xbulkOut+1 other) | if1 02/0D/00 (1 other) | if2 0A/00/01 (no endpoints) | if3 0A/00/01 (1xbulkIn+1xbulkOut) | if4 02/06/00 (1 other) | if5 0A/00/00 (no endpoints) | if6 0A/00/00 (1xbulkIn+1xbulkOut)
08-31 19:09:05.183 I/OPENHU  (18395): [2] UsbReceiver.onReceive | USB Intent: Intent { act=android.hardware.usb.action.USB_DEVICE_ATTACHED flg=0x11000010 (has extras) }
08-31 19:09:05.183 I/OPENHU  (18395): [2] UsbLauncherListener.onUsbAttach | Ignoring non-Android USB device attached in service (VID: 2965): /dev/bus/usb/002/005
08-31 19:09:05.187 I/ActivityTaskManager( 1809): The Process com.android.systemui Already Exists in BG. So sending its PID: 2649
08-31 19:09:05.268 W/ActivityTaskManager( 1809): activity boost didn't release as expected
08-31 19:09:05.286 I/ActivityTaskManager( 1809): Displayed com.android.systemui/.usb.UsbResolverActivity for user 0: +115ms
08-31 19:09:05.313 D/UsbHostManager( 1809): USB device attached: vidpid 1d5c:7102 mfg/product/ver/serial Fresco Logic, Inc¿Ä/Generic Billboard Device/1.00/null hasAudio/HID/Storage: false/false/false
08-31 19:09:05.315 D/UsbHostManager( 1809): Added device UsbDevice[mName=/dev/bus/usb/002/006,mVendorId=7516,mProductId=28930,mClass=17,mSubclass=0,mProtocol=0,mManufacturerName=Fresco Logic, Inc¿Ä,mProductName=Generic Billboard Device,mVersion=1.00,mSerialNumberReader=com.android.server.usb.UsbSerialReader@c28c67d, mHasAudioPlayback=false, mHasAudioCapture=false, mHasMidi=false, mHasVideoCapture=false, mHasVideoPlayback=false, mConfigurations=[
08-31 19:09:05.315 D/UsbHostManager( 1809): UsbConfiguration[mId=1,mName=null,mAttributes=192,mMaxPower=0,mInterfaces=[
08-31 19:09:05.315 D/UsbHostManager( 1809): UsbInterface[mId=0,mAlternateSetting=0,mName=null,mClass=17,mSubclass=0,mProtocol=0,mEndpoints=[]]]
08-31 19:09:05.323 I/OPENHU  (18395): [2] UsbReceiver.onReceive | USB Intent: Intent { act=android.hardware.usb.action.USB_DEVICE_ATTACHED flg=0x11000010 (has extras) }
08-31 19:09:05.336 I/OPENHU  (18395): [2] UsbDeviceDiagnostics.logDeviceList | UsbDiagnostics: USB list sees 3 USB device(s), 0 usable for Android Auto
08-31 19:09:05.336 I/OPENHU  (18395): [2] UsbDeviceDiagnostics.logDeviceList | UsbDiagnostics:   Generic USB3.0 Card Reader (VID: 05E3 PID: 0749) [class 00/00/00, no permission] rejected: no Android interface | if0 08/06/50 (1xbulkIn+1xbulkOut)
08-31 19:09:05.336 I/OPENHU  (18395): [2] UsbDeviceDiagnostics.logDeviceList | UsbDiagnostics:   Fresco Logic, Inc¿Ä Generic Billboard Device (VID: 1D5C PID: 7102) [class 11/00/00, no permission] rejected: device class 0x11 is not a phone | if0 11/00/00 (no endpoints)
08-31 19:09:05.336 I/OPENHU  (18395): [2] UsbDeviceDiagnostics.logDeviceList | UsbDiagnostics:   ASIX AX88179B (VID: 0B95 PID: 1790) [class 00/00/00, no permission] rejected: CDC network adapter | if0 FF/FF/00 (1xbulkIn+2xbulkOut+1 other) | if1 02/0D/00 (1 other) | if2 0A/00/01 (no endpoints) | if3 0A/00/01 (1xbulkIn+1xbulkOut) | if4 02/06/00 (1 other) | if5 0A/00/00 (no endpoints) | if6 0A/00/00 (1xbulkIn+1xbulkOut)
08-31 19:09:05.338 I/OPENHU  (18395): [2] UsbReceiver.onReceive | USB Intent: Intent { act=android.hardware.usb.action.USB_DEVICE_ATTACHED flg=0x11000010 (has extras) }
08-31 19:09:05.339 I/OPENHU  (18395): [2] UsbLauncherListener.onUsbAttach | Ignoring non-Android USB device attached in service (VID: 7516): /dev/bus/usb/002/006
08-31 19:09:07.236 D/UsbHostManager( 1809): Removed device at /dev/bus/usb/002/005: AX88179B
08-31 19:09:07.242 I/OPENHU  (18395): [2] UsbReceiver.onReceive | USB Intent: Intent { act=android.hardware.usb.action.USB_DEVICE_DETACHED flg=0x1000010 (has extras) }
08-31 19:09:07.251 I/OPENHU  (18395): [2] UsbDeviceDiagnostics.logDeviceList | UsbDiagnostics: USB list sees 2 USB device(s), 0 usable for Android Auto
08-31 19:09:07.252 I/OPENHU  (18395): [2] UsbDeviceDiagnostics.logDeviceList | UsbDiagnostics:   Generic USB3.0 Card Reader (VID: 05E3 PID: 0749) [class 00/00/00, no permission] rejected: no Android interface | if0 08/06/50 (1xbulkIn+1xbulkOut)
08-31 19:09:07.253 I/OPENHU  (18395): [2] UsbDeviceDiagnostics.logDeviceList | UsbDiagnostics:   Fresco Logic, Inc¿Ä Generic Billboard Device (VID: 1D5C PID: 7102) [class 11/00/00, no permission] rejected: device class 0x11 is not a phone | if0 11/00/00 (no endpoints)
08-31 19:09:07.255 I/OPENHU  (18395): [2] UsbReceiver.onReceive | USB Intent: Intent { act=android.hardware.usb.action.USB_DEVICE_DETACHED flg=0x1000010 (has extras) }
08-31 19:09:07.284 D/OPENHU  (18395): [2] MainActivity.requestPermissions | All required permissions already granted.
08-31 19:09:07.287 I/OPENHU  (18395): [2] HomeFragment.onResume | HomeFragment: onResume. isConnected=false
08-31 19:09:07.376 W/ActivityTaskManager( 1809): Finishing task with all activities already finished
08-31 19:09:07.376 W/ActivityTaskManager( 1809): Duplicate finish request for r=ActivityRecord{b74acf1 u0 com.android.systemui/.usb.UsbResolverActivity t2916 f}}
08-31 19:09:07.991 D/UsbHostManager( 1809): USB device attached: vidpid 0b95:1790 mfg/product/ver/serial ASIX/AX88179B/2.00/006C1FF7C0DD09 hasAudio/HID/Storage: false/false/false
08-31 19:09:07.996 D/UsbHostManager( 1809): Added device UsbDevice[mName=/dev/bus/usb/002/007,mVendorId=2965,mProductId=6032,mClass=255,mSubclass=255,mProtocol=0,mManufacturerName=ASIX,mProductName=AX88179B,mVersion=2.00,mSerialNumberReader=com.android.server.usb.UsbSerialReader@6794b64, mHasAudioPlayback=false, mHasAudioCapture=false, mHasMidi=false, mHasVideoCapture=false, mHasVideoPlayback=false, mConfigurations=[
08-31 19:09:07.996 D/UsbHostManager( 1809): UsbConfiguration[mId=1,mName=null,mAttributes=160,mMaxPower=50,mInterfaces=[
08-31 19:09:07.996 D/UsbHostManager( 1809): UsbInterface[mId=0,mAlternateSetting=0,mName=Network_Interface,mClass=255,mSubclass=255,mProtocol=0,mEndpoints=[
08-31 19:09:07.996 D/UsbHostManager( 1809): UsbEndpoint[mAddress=129,mAttributes=3,mMaxPacketSize=16,mInterval=11]
08-31 19:09:07.996 D/UsbHostManager( 1809): UsbEndpoint[mAddress=130,mAttributes=2,mMaxPacketSize=512,mInterval=0]
08-31 19:09:07.996 D/UsbHostManager( 1809): UsbEndpoint[mAddress=3,mAttributes=2,mMaxPacketSize=512,mInterval=0]
08-31 19:09:07.996 D/UsbHostManager( 1809): UsbEndpoint[mAddress=5,mAttributes=2,mMaxPacketSize=512,mInterval=0]]]]
08-31 19:09:08.004 I/OPENHU  (18395): [2] UsbReceiver.onReceive | USB Intent: Intent { act=android.hardware.usb.action.USB_DEVICE_ATTACHED flg=0x11000010 (has extras) }
08-31 19:09:08.019 I/ActivityTaskManager( 1809): START u0 {flg=0x10000000 cmp=com.android.systemui/.usb.UsbResolverActivity (has extras)} with LAUNCH_MULTIPLE from uid 1000 (startActivityAsUser) (BAL_ALLOW_ALLOWLISTED_UID) result code=0
08-31 19:09:08.024 I/OPENHU  (18395): [2] UsbDeviceDiagnostics.logDeviceList | UsbDiagnostics: USB list sees 3 USB device(s), 0 usable for Android Auto
08-31 19:09:08.024 I/OPENHU  (18395): [2] UsbDeviceDiagnostics.logDeviceList | UsbDiagnostics:   Generic USB3.0 Card Reader (VID: 05E3 PID: 0749) [class 00/00/00, no permission] rejected: no Android interface | if0 08/06/50 (1xbulkIn+1xbulkOut)
08-31 19:09:08.024 I/OPENHU  (18395): [2] UsbDeviceDiagnostics.logDeviceList | UsbDiagnostics:   ASIX AX88179B (VID: 0B95 PID: 1790) [class FF/FF/00, no permission] rejected: vendor-class device, not a phone | if0 FF/FF/00 (1xbulkIn+2xbulkOut+1 other)
08-31 19:09:08.024 I/OPENHU  (18395): [2] UsbDeviceDiagnostics.logDeviceList | UsbDiagnostics:   Fresco Logic, Inc¿Ä Generic Billboard Device (VID: 1D5C PID: 7102) [class 11/00/00, no permission] rejected: device class 0x11 is not a phone | if0 11/00/00 (no endpoints)
08-31 19:09:08.026 I/OPENHU  (18395): [2] UsbReceiver.onReceive | USB Intent: Intent { act=android.hardware.usb.action.USB_DEVICE_ATTACHED flg=0x11000010 (has extras) }
08-31 19:09:08.026 I/OPENHU  (18395): [2] UsbLauncherListener.onUsbAttach | Ignoring non-Android USB device attached in service (VID: 2965): /dev/bus/usb/002/007
08-31 19:09:08.029 I/ActivityTaskManager( 1809): The Process com.android.systemui Already Exists in BG. So sending its PID: 2649
08-31 19:09:08.116 W/ActivityTaskManager( 1809): activity boost didn't release as expected
08-31 19:09:08.134 I/ActivityTaskManager( 1809): Displayed com.android.systemui/.usb.UsbResolverActivity for user 0: +114ms
