08-31 21:10:43.243 I/OPENHU  (25527): [2] UsbDeviceDiagnostics.logDeviceList | UsbDiagnostics:   Xiaomi POCO X3 NFC (VID: 18D1 PID: 2D01) [class 00/00/00, permission] rejected: blacklisted by the user | if0 FF/FF/00 (1xbulkIn+1xbulkOut) | if1 FF/42/01 (1xbulkIn+1xbulkOut)
08-31 21:12:31.826 I/OPENHU  (25527): [2] UsbDeviceDiagnostics.logDeviceList | UsbDiagnostics:   Xiaomi POCO X3 NFC (VID: 05C6 PID: 90DB) [class 00/00/00, no permission] rejected: blacklisted by the user | if0 FF/FF/30 (1xbulkIn+1xbulkOut) | if1 FF/FF/40 (1xbulkIn+1xbulkOut+1 other) | if2 FF/FF/50 (1xbulkIn+1xbulkOut+1 other) | if3 FF/FF/80 (1xbulkIn) | if4 FF/FF/70 (1xbulkIn) | if5 FF/42/01 (1xbulkIn+1xbulkOut)
08-31 21:12:31.829 I/OPENHU  (25527): [2] UsbLauncherListener.onUsbAttach | Ignoring USB device attached in service (VID: 1478): accepted: ADB
08-31 21:12:36.865 I/OPENHU  (25527): [2] UsbDeviceDiagnostics.logDeviceList | UsbDiagnostics:   Xiaomi POCO X3 NFC (VID: 18D1 PID: 4EE2) [class 00/00/00, no permission] rejected: blacklisted by the user | if0 06/01/01 (1xbulkIn+1xbulkOut+1 other) | if1 FF/42/01 (1xbulkIn+1xbulkOut)
08-31 21:12:36.868 I/OPENHU  (25527): [2] UsbLauncherListener.onUsbAttach | Ignoring USB device attached in service (VID: 6353): accepted: PTP
08-31 21:14:16.581 I/OPENHU  (25527): [2] UsbDeviceDiagnostics.logDeviceList | UsbDiagnostics:   Xiaomi POCO X3 NFC (VID: 18D1 PID: 4EE1) [class 00/00/00, permission] rejected: blacklisted by the user | if0 06/01/01 (1xbulkIn+1xbulkOut+1 other)
08-31 21:14:16.585 I/OPENHU  (25527): [2] UsbLauncherListener.onUsbAttach | Ignoring USB device attached in service (VID: 6353): accepted: PTP
08-31 21:14:16.612 I/OPENHU  (25527): [2] UsbDeviceDiagnostics.logDeviceList | UsbDiagnostics:   Xiaomi POCO X3 NFC (VID: 18D1 PID: 4EE1) [class 00/00/00, permission] rejected: blacklisted by the user | if0 06/01/01 (1xbulkIn+1xbulkOut+1 other)
08-31 21:14:22.296 I/OPENHU  (25527): [2] UsbDeviceDiagnostics.logDeviceList | UsbDiagnostics:   Xiaomi POCO X3 NFC (VID: 18D1 PID: 4EE1) [class 00/00/00, permission] rejected: blacklisted by the user | if0 06/01/01 (1xbulkIn+1xbulkOut+1 other)
08-31 21:14:22.298 I/OPENHU  (25527): [2] UsbLauncherListener.onUsbAttach | Ignoring USB device attached in service (VID: 6353): accepted: PTP
08-31 21:14:32.719 I/OPENHU  (25527): [2] UsbDeviceDiagnostics.logDeviceList | UsbDiagnostics:   Xiaomi POCO X3 NFC (VID: 18D1 PID: 4EE1) [class 00/00/00, permission] rejected: blacklisted by the user | if0 06/01/01 (1xbulkIn+1xbulkOut+1 other)
08-31 21:14:57.801 I/OPENHU  (25527): [2] UsbDeviceDiagnostics.logDeviceList | UsbDiagnostics:   Xiaomi POCO X3 NFC (VID: 18D1 PID: 4EE5) [class 00/00/00, no permission] rejected: blacklisted by the user | if0 06/01/01 (1xbulkIn+1xbulkOut+1 other)
08-31 21:14:57.803 I/OPENHU  (25527): [2] UsbLauncherListener.onUsbAttach | Ignoring USB device attached in service (VID: 6353): accepted: PTP
08-31 21:15:07.027 I/OPENHU  (25527): [2] UsbDeviceDiagnostics.logDeviceList | UsbDiagnostics:   Xiaomi POCO X3 NFC (VID: 18D1 PID: 4EE5) [class 00/00/00, no permission] rejected: blacklisted by the user | if0 06/01/01 (1xbulkIn+1xbulkOut+1 other)
08-31 21:15:39.255 I/OPENHU  (25527): [2] UsbDeviceDiagnostics.logDeviceList | UsbDiagnostics:   Xiaomi POCO X3 NFC (VID: 18D1 PID: 4EE1) [class 00/00/00, permission] rejected: blacklisted by the user | if0 06/01/01 (1xbulkIn+1xbulkOut+1 other)
08-31 21:15:39.257 I/OPENHU  (25527): [2] UsbLauncherListener.onUsbAttach | Ignoring USB device attached in service (VID: 6353): accepted: PTP
08-31 21:15:53.529 I/OPENHU  (25527): [2] UsbDeviceDiagnostics.logDeviceList | UsbDiagnostics:   Xiaomi POCO X3 NFC (VID: 18D1 PID: 4EE1) [class 00/00/00, permission] rejected: blacklisted by the user | if0 06/01/01 (1xbulkIn+1xbulkOut+1 other)
08-31 21:16:35.574 I/OPENHU  (28853): [2] UsbDeviceDiagnostics.logDeviceList | UsbDiagnostics:   Xiaomi POCO X3 NFC (VID: 18D1 PID: 4EE1) [class 00/00/00, permission] rejected: blacklisted by the user | if0 06/01/01 (1xbulkIn+1xbulkOut+1 other)
08-31 21:16:37.897 I/OPENHU  (28853): [2] UsbDeviceDiagnostics.logDeviceList | UsbDiagnostics:   Xiaomi POCO X3 NFC (VID: 18D1 PID: 4EE1) [class 00/00/00, permission] rejected: blacklisted by the user | if0 06/01/01 (1xbulkIn+1xbulkOut+1 other)
08-31 21:17:25.634 I/OPENHU  (29222): [2] UsbDeviceDiagnostics.logDeviceList | UsbDiagnostics:   Xiaomi POCO X3 NFC (VID: 18D1 PID: 4EE1) [class 00/00/00, permission] rejected: blacklisted by the user | if0 06/01/01 (1xbulkIn+1xbulkOut+1 other)
08-31 21:17:41.342 I/OPENHU  (29222): [2] UsbDeviceDiagnostics.logDeviceList | UsbDiagnostics:   Xiaomi POCO X3 NFC (VID: 18D1 PID: 4EE1) [class 00/00/00, permission] rejected: blacklisted by the user | if0 06/01/01 (1xbulkIn+1xbulkOut+1 other)
08-31 21:18:40.577 V/OPENHU  (29222): [2] UsbDeviceDiagnostics.logDeviceList | UsbDiagnostics:   Xiaomi POCO X3 NFC (VID: 18D1 PID: 4EE5) [class 00/00/00, no permission] accepted: PTP | if0 06/01/01 (1xbulkIn+1xbulkOut+1 other)
08-31 21:18:42.596 V/OPENHU  (29222): [2] UsbDeviceDiagnostics.logDeviceList | UsbDiagnostics:   Xiaomi POCO X3 NFC (VID: 18D1 PID: 4EE5) [class 00/00/00, no permission] accepted: PTP | if0 06/01/01 (1xbulkIn+1xbulkOut+1 other)
08-31 21:19:19.618 V/OPENHU  (29222): [2] UsbDeviceDiagnostics.logDeviceList | UsbDiagnostics:   Xiaomi POCO X3 NFC (VID: 18D1 PID: 4EE5) [class 00/00/00, permission] accepted: PTP | if0 06/01/01 (1xbulkIn+1xbulkOut+1 other)
08-31 21:19:20.288 V/OPENHU  (29222): [2] UsbDeviceDiagnostics.logDeviceList | UsbDiagnostics:   Xiaomi POCO X3 NFC (VID: 18D1 PID: 2D00) [class 00/00/00, permission] accepted: already in accessory mode | if0 FF/FF/00 (1xbulkIn+1xbulkOut)
08-31 21:19:20.295 V/OPENHU  (29222): [2] UsbDeviceDiagnostics.logDeviceList | UsbDiagnostics:   Xiaomi POCO X3 NFC (VID: 18D1 PID: 2D00) [class 00/00/00, permission] accepted: already in accessory mode | if0 FF/FF/00 (1xbulkIn+1xbulkOut)
08-31 21:19:20.318 V/OPENHU  (29222): [2] UsbDeviceDiagnostics.logDeviceList | UsbDiagnostics:   Xiaomi POCO X3 NFC (VID: 18D1 PID: 2D00) [class 00/00/00, permission] accepted: already in accessory mode | if0 FF/FF/00 (1xbulkIn+1xbulkOut)
