08-31 21:29:36.279 I/am_proc_start( 1855): [0,3907,10491,com.andrerinas.headunitrevived,broadcast,{com.andrerinas.headunitrevived/com.andrerinas.openheadunit.app.BootCompleteReceiver}]
08-31 21:29:36.324 I/am_proc_bound( 1855): [0,3907,com.andrerinas.headunitrevived]
08-31 21:29:37.671 I/am_crash( 1855): [3907,0,com.andrerinas.headunitrevived,819510854,java.lang.IllegalStateException,SharedPreferences in credential encrypted storage are not available until after user is unlocked,Settings.kt,36,0]
08-31 21:29:37.713 I/am_proc_died( 1855): [0,3907,com.andrerinas.headunitrevived,0,11]
08-31 21:31:46.620 I/wm_create_activity( 1855): [0,31307815,6,com.andrerinas.headunitrevived/com.andrerinas.openheadunit.app.UsbAttachedActivity,android.hardware.usb.action.USB_DEVICE_ATTACHED,NULL,NULL,285212672,0]
08-31 21:31:46.636 I/am_proc_start( 1855): [0,4181,10491,com.andrerinas.headunitrevived,top-activity,{com.andrerinas.headunitrevived/com.andrerinas.openheadunit.app.UsbAttachedActivity}]
08-31 21:31:46.671 I/am_proc_bound( 1855): [0,4181,com.andrerinas.headunitrevived]
08-31 21:31:46.674 I/wm_restart_activity( 1855): [0,31307815,6,com.andrerinas.headunitrevived/com.andrerinas.openheadunit.app.UsbAttachedActivity,0]
08-31 21:31:46.679 I/wm_set_resumed_activity( 1855): [0,com.andrerinas.headunitrevived/com.andrerinas.openheadunit.app.UsbAttachedActivity,minimalResumeActivityLocked - onActivityStateChanged,0]
08-31 21:31:46.681 I/wm_add_to_stopping( 1855): [0,31307815,com.andrerinas.headunitrevived/com.andrerinas.openheadunit.app.UsbAttachedActivity,makeInvisible,0]
08-31 21:31:46.682 I/wm_pause_activity( 1855): [0,31307815,com.andrerinas.headunitrevived/com.andrerinas.openheadunit.app.UsbAttachedActivity,userLeaving=false,sleep,0]
08-31 21:31:46.915 I/am_crash( 1855): [4181,0,com.andrerinas.headunitrevived,819510854,java.lang.IllegalStateException,SharedPreferences in credential encrypted storage are not available until after user is unlocked,Settings.kt,36,0]
08-31 21:31:46.916 I/wm_finish_activity( 1855): [0,31307815,6,com.andrerinas.headunitrevived/com.andrerinas.openheadunit.app.UsbAttachedActivity,force-crash,0]
08-31 21:31:46.927 I/am_proc_died( 1855): [0,4181,com.andrerinas.headunitrevived,0,2]
08-31 21:31:46.928 I/wm_rm_from_stopping( 1855): [0,31307815,com.andrerinas.headunitrevived/com.andrerinas.openheadunit.app.UsbAttachedActivity,removeHistoryRecords,0,true]
08-31 21:31:46.929 I/wm_task_removed( 1855): [6,6,0,removeChild, last child = ActivityRecord{1ddb827 u0 com.andrerinas.headunitrevived/com.andrerinas.openheadunit.app.UsbAttachedActivity t-1 f}} in Task{70eff72 #6 type=standard A=10491:com.andrerinas.headunitrevived}]
08-31 21:31:48.180 I/wm_create_activity( 1855): [0,97837186,7,com.andrerinas.headunitrevived/com.andrerinas.openheadunit.app.UsbAttachedActivity,android.hardware.usb.action.USB_DEVICE_ATTACHED,NULL,NULL,285212672,0]
08-31 21:31:48.197 I/am_proc_start( 1855): [0,4204,10491,com.andrerinas.headunitrevived,top-activity,{com.andrerinas.headunitrevived/com.andrerinas.openheadunit.app.UsbAttachedActivity}]
08-31 21:31:48.241 I/am_proc_bound( 1855): [0,4204,com.andrerinas.headunitrevived]
08-31 21:31:48.244 I/wm_restart_activity( 1855): [0,97837186,7,com.andrerinas.headunitrevived/com.andrerinas.openheadunit.app.UsbAttachedActivity,0]
08-31 21:31:48.245 I/wm_set_resumed_activity( 1855): [0,com.andrerinas.headunitrevived/com.andrerinas.openheadunit.app.UsbAttachedActivity,minimalResumeActivityLocked - onActivityStateChanged,0]
08-31 21:31:48.246 I/wm_add_to_stopping( 1855): [0,97837186,com.andrerinas.headunitrevived/com.andrerinas.openheadunit.app.UsbAttachedActivity,makeInvisible,0]
08-31 21:31:48.247 I/wm_pause_activity( 1855): [0,97837186,com.andrerinas.headunitrevived/com.andrerinas.openheadunit.app.UsbAttachedActivity,userLeaving=false,sleep,0]
08-31 21:31:48.483 I/am_crash( 1855): [4204,0,com.andrerinas.headunitrevived,819510854,java.lang.IllegalStateException,SharedPreferences in credential encrypted storage are not available until after user is unlocked,Settings.kt,36,0]
08-31 21:31:48.484 I/wm_finish_activity( 1855): [0,97837186,7,com.andrerinas.headunitrevived/com.andrerinas.openheadunit.app.UsbAttachedActivity,force-crash,0]
08-31 21:31:48.493 I/am_proc_died( 1855): [0,4204,com.andrerinas.headunitrevived,0,2]
08-31 21:31:48.494 I/wm_rm_from_stopping( 1855): [0,97837186,com.andrerinas.headunitrevived/com.andrerinas.openheadunit.app.UsbAttachedActivity,removeHistoryRecords,0,true]
08-31 21:31:48.495 I/wm_task_removed( 1855): [7,7,0,removeChild, last child = ActivityRecord{5d4e082 u0 com.andrerinas.headunitrevived/com.andrerinas.openheadunit.app.UsbAttachedActivity t-1 f}} in Task{d7e5fd0 #7 type=standard A=10491:com.andrerinas.headunitrevived}]
