08-31 21:42:27.286 I/OPENHU  (21250): [2] UsbDeviceDiagnostics.logDeviceList | UsbDiagnostics:   ASIX AX88179B (VID: 0B95 PID: 1790) [class FF/FF/00, no permission] rejected: vendor-class device, not a phone | if0 FF/FF/00 (1xbulkIn+2xbulkOut+1 other)
08-31 21:42:27.286 I/OPENHU  (21250): [2] UsbDeviceDiagnostics.logDeviceList | UsbDiagnostics:   Fresco Logic, Inc¿Ä Generic Billboard Device (VID: 1D5C PID: 7102) [class 11/00/00, no permission] rejected: device class 0x11 is not a phone | if0 11/00/00 (no endpoints)
08-31 21:42:27.286 I/OPENHU  (21250): [2] UsbDeviceDiagnostics.logDeviceList | UsbDiagnostics:   Generic USB3.0 Card Reader (VID: 05E3 PID: 0749) [class 00/00/00, no permission] rejected: no Android interface | if0 08/06/50 (1xbulkIn+1xbulkOut)
08-31 21:42:27.286 I/OPENHU  (21250): [2] UsbDeviceDiagnostics.logDeviceList | UsbDiagnostics: USB list sees 3 USB device(s), 0 usable for Android Auto
08-31 21:42:29.706 I/OPENHU  (21250): [2] UsbDeviceDiagnostics.logDeviceList | UsbDiagnostics:   ASIX AX88179B (VID: 0B95 PID: 1790) [class FF/FF/00, no permission] rejected: vendor-class device, not a phone | if0 FF/FF/00 (1xbulkIn+2xbulkOut+1 other)
08-31 21:42:29.706 I/OPENHU  (21250): [2] UsbDeviceDiagnostics.logDeviceList | UsbDiagnostics:   Generic USB3.0 Card Reader (VID: 05E3 PID: 0749) [class 00/00/00, no permission] rejected: no Android interface | if0 08/06/50 (1xbulkIn+1xbulkOut)
08-31 21:42:29.706 I/OPENHU  (21250): [2] UsbDeviceDiagnostics.logDeviceList | UsbDiagnostics: USB button sees 3 USB device(s), 0 usable for Android Auto
08-31 21:42:29.707 I/OPENHU  (21250): [2] UsbDeviceDiagnostics.logDeviceList | UsbDiagnostics:   Fresco Logic, Inc¿Ä Generic Billboard Device (VID: 1D5C PID: 7102) [class 11/00/00, no permission] rejected: device class 0x11 is not a phone | if0 11/00/00 (no endpoints)
08-31 21:42:57.452 I/OPENHU  (21250): [2] UsbDeviceDiagnostics.logDeviceList | UsbDiagnostics: USB list sees 2 USB device(s), 0 usable for Android Auto
08-31 21:42:57.453 I/OPENHU  (21250): [2] UsbDeviceDiagnostics.logDeviceList | UsbDiagnostics:   ASIX AX88179B (VID: 0B95 PID: 1790) [class FF/FF/00, no permission] rejected: vendor-class device, not a phone | if0 FF/FF/00 (1xbulkIn+2xbulkOut+1 other)
08-31 21:42:57.453 I/OPENHU  (21250): [2] UsbDeviceDiagnostics.logDeviceList | UsbDiagnostics:   Fresco Logic, Inc¿Ä Generic Billboard Device (VID: 1D5C PID: 7102) [class 11/00/00, no permission] rejected: device class 0x11 is not a phone | if0 11/00/00 (no endpoints)
08-31 21:42:57.495 I/OPENHU  (21250): [2] UsbDeviceDiagnostics.logDeviceList | UsbDiagnostics: USB list sees 1 USB device(s), 0 usable for Android Auto
08-31 21:42:57.496 I/OPENHU  (21250): [2] UsbDeviceDiagnostics.logDeviceList | UsbDiagnostics:   Fresco Logic, Inc¿Ä Generic Billboard Device (VID: 1D5C PID: 7102) [class 11/00/00, no permission] rejected: device class 0x11 is not a phone | if0 11/00/00 (no endpoints)
08-31 21:42:57.516 I/OPENHU  (21250): [2] UsbDeviceDiagnostics.logDeviceList | UsbDiagnostics: nothing is on the bus. Either the port carries no data, the unit is not in USB host mode, or a wireless adapter is waiting for its phone before it presents itself.
08-31 21:42:57.516 I/OPENHU  (21250): [2] UsbDeviceDiagnostics.logDeviceList | UsbDiagnostics: USB list sees 0 USB device(s), 0 usable for Android Auto
08-31 21:43:11.402 I/OPENHU  (21250): [2] UsbDeviceDiagnostics.logDeviceList | UsbDiagnostics: USB list sees 1 USB device(s), 0 usable for Android Auto
08-31 21:43:11.403 I/OPENHU  (21250): [2] UsbDeviceDiagnostics.logDeviceList | UsbDiagnostics:   Generic USB3.0 Card Reader (VID: 05E3 PID: 0749) [class 00/00/00, no permission] rejected: no Android interface | if0 08/06/50 (1xbulkIn+1xbulkOut)
08-31 21:43:11.408 I/OPENHU  (21250): [2] UsbLauncherListener.onUsbAttach | Ignoring USB device attached in service (VID: 1507): rejected: no Android interface
08-31 21:43:13.218 I/OPENHU  (21250): [2] UsbDeviceDiagnostics.logDeviceList | UsbDiagnostics:   Generic USB3.0 Card Reader (VID: 05E3 PID: 0749) [class 00/00/00, no permission] rejected: no Android interface | if0 08/06/50 (1xbulkIn+1xbulkOut)
08-31 21:43:13.218 I/OPENHU  (21250): [2] UsbDeviceDiagnostics.logDeviceList | UsbDiagnostics: USB list sees 2 USB device(s), 0 usable for Android Auto
08-31 21:43:13.219 I/OPENHU  (21250): [2] UsbDeviceDiagnostics.logDeviceList | UsbDiagnostics:   ASIX AX88179B (VID: 0B95 PID: 1790) [class 00/00/00, no permission] rejected: CDC network adapter | if0 FF/FF/00 (1xbulkIn+2xbulkOut+1 other) | if1 02/0D/00 (1 other) | if2 0A/00/01 (no endpoints) | if3 0A/00/01 (1xbulkIn+1xbulkOut) | if4 02/06/00 (1 other) | if5 0A/00/00 (no endpoints) | if6 0A/00/00 (1xbulkIn+1xbulkOut)
08-31 21:43:13.224 I/OPENHU  (21250): [2] UsbLauncherListener.onUsbAttach | Ignoring USB device attached in service (VID: 2965): rejected: CDC network adapter
08-31 21:43:13.359 I/OPENHU  (21250): [2] UsbDeviceDiagnostics.logDeviceList | UsbDiagnostics:   ASIX AX88179B (VID: 0B95 PID: 1790) [class 00/00/00, no permission] rejected: CDC network adapter | if0 FF/FF/00 (1xbulkIn+2xbulkOut+1 other) | if1 02/0D/00 (1 other) | if2 0A/00/01 (no endpoints) | if3 0A/00/01 (1xbulkIn+1xbulkOut) | if4 02/06/00 (1 other) | if5 0A/00/00 (no endpoints) | if6 0A/00/00 (1xbulkIn+1xbulkOut)
08-31 21:43:13.359 I/OPENHU  (21250): [2] UsbDeviceDiagnostics.logDeviceList | UsbDiagnostics:   Fresco Logic, Inc¿Ä Generic Billboard Device (VID: 1D5C PID: 7102) [class 11/00/00, no permission] rejected: device class 0x11 is not a phone | if0 11/00/00 (no endpoints)
08-31 21:43:13.359 I/OPENHU  (21250): [2] UsbDeviceDiagnostics.logDeviceList | UsbDiagnostics:   Generic USB3.0 Card Reader (VID: 05E3 PID: 0749) [class 00/00/00, no permission] rejected: no Android interface | if0 08/06/50 (1xbulkIn+1xbulkOut)
08-31 21:43:13.359 I/OPENHU  (21250): [2] UsbDeviceDiagnostics.logDeviceList | UsbDiagnostics: USB list sees 3 USB device(s), 0 usable for Android Auto
08-31 21:43:13.361 I/OPENHU  (21250): [2] UsbLauncherListener.onUsbAttach | Ignoring USB device attached in service (VID: 7516): rejected: device class 0x11 is not a phone
08-31 21:43:15.178 I/OPENHU  (21250): [2] UsbDeviceDiagnostics.logDeviceList | UsbDiagnostics: USB list sees 2 USB device(s), 0 usable for Android Auto
08-31 21:43:15.180 I/OPENHU  (21250): [2] UsbDeviceDiagnostics.logDeviceList | UsbDiagnostics:   Fresco Logic, Inc¿Ä Generic Billboard Device (VID: 1D5C PID: 7102) [class 11/00/00, no permission] rejected: device class 0x11 is not a phone | if0 11/00/00 (no endpoints)
08-31 21:43:15.180 I/OPENHU  (21250): [2] UsbDeviceDiagnostics.logDeviceList | UsbDiagnostics:   Generic USB3.0 Card Reader (VID: 05E3 PID: 0749) [class 00/00/00, no permission] rejected: no Android interface | if0 08/06/50 (1xbulkIn+1xbulkOut)
08-31 21:43:15.963 I/OPENHU  (21250): [2] UsbDeviceDiagnostics.logDeviceList | UsbDiagnostics:   ASIX AX88179B (VID: 0B95 PID: 1790) [class FF/FF/00, no permission] rejected: vendor-class device, not a phone | if0 FF/FF/00 (1xbulkIn+2xbulkOut+1 other)
08-31 21:43:15.963 I/OPENHU  (21250): [2] UsbDeviceDiagnostics.logDeviceList | UsbDiagnostics:   Fresco Logic, Inc¿Ä Generic Billboard Device (VID: 1D5C PID: 7102) [class 11/00/00, no permission] rejected: device class 0x11 is not a phone | if0 11/00/00 (no endpoints)
08-31 21:43:15.963 I/OPENHU  (21250): [2] UsbDeviceDiagnostics.logDeviceList | UsbDiagnostics:   Generic USB3.0 Card Reader (VID: 05E3 PID: 0749) [class 00/00/00, no permission] rejected: no Android interface | if0 08/06/50 (1xbulkIn+1xbulkOut)
08-31 21:43:15.963 I/OPENHU  (21250): [2] UsbDeviceDiagnostics.logDeviceList | UsbDiagnostics: USB list sees 3 USB device(s), 0 usable for Android Auto
08-31 21:43:15.965 I/OPENHU  (21250): [2] UsbLauncherListener.onUsbAttach | Ignoring USB device attached in service (VID: 2965): rejected: vendor-class device, not a phone
08-31 21:43:18.896 I/OPENHU  (21250): [2] UsbLauncherListener.onUsbPermission | Ignoring USB permission callback (VID: 7516): rejected: device class 0x11 is not a phone
08-31 21:43:20.671 I/OPENHU  (21250): [2] UsbLauncherListener.onUsbPermission | Ignoring USB permission callback (VID: 7516): rejected: device class 0x11 is not a phone
08-31 21:43:22.427 I/OPENHU  (21250): [2] UsbLauncherListener.onUsbPermission | Ignoring USB permission callback (VID: 7516): rejected: device class 0x11 is not a phone
08-31 21:43:24.150 I/OPENHU  (21250): [2] UsbLauncherListener.onUsbPermission | Ignoring USB permission callback (VID: 7516): rejected: device class 0x11 is not a phone
08-31 21:43:25.903 I/OPENHU  (21250): [2] UsbLauncherListener.onUsbPermission | Ignoring USB permission callback (VID: 7516): rejected: device class 0x11 is not a phone
08-31 21:43:27.650 I/OPENHU  (21250): [2] UsbLauncherListener.onUsbPermission | Ignoring USB permission callback (VID: 7516): rejected: device class 0x11 is not a phone
08-31 21:43:29.380 I/OPENHU  (21250): [2] UsbLauncherListener.onUsbPermission | Ignoring USB permission callback (VID: 7516): rejected: device class 0x11 is not a phone
08-31 21:43:31.113 I/OPENHU  (21250): [2] UsbLauncherListener.onUsbPermission | Ignoring USB permission callback (VID: 7516): rejected: device class 0x11 is not a phone
08-31 21:43:32.878 I/OPENHU  (21250): [2] UsbLauncherListener.onUsbPermission | Ignoring USB permission callback (VID: 7516): rejected: device class 0x11 is not a phone
08-31 21:43:58.656 I/OPENHU  (21250): [2] UsbDeviceDiagnostics.logDeviceList | UsbDiagnostics:   ASIX AX88179B (VID: 0B95 PID: 1790) [class FF/FF/00, no permission] rejected: vendor-class device, not a phone | if0 FF/FF/00 (1xbulkIn+2xbulkOut+1 other)
08-31 21:43:58.656 I/OPENHU  (21250): [2] UsbDeviceDiagnostics.logDeviceList | UsbDiagnostics:   Fresco Logic, Inc¿Ä Generic Billboard Device (VID: 1D5C PID: 7102) [class 11/00/00, no permission] rejected: device class 0x11 is not a phone | if0 11/00/00 (no endpoints)
08-31 21:43:58.656 I/OPENHU  (21250): [2] UsbDeviceDiagnostics.logDeviceList | UsbDiagnostics: USB list sees 2 USB device(s), 0 usable for Android Auto
08-31 21:43:58.703 I/OPENHU  (21250): [2] UsbDeviceDiagnostics.logDeviceList | UsbDiagnostics:   Fresco Logic, Inc¿Ä Generic Billboard Device (VID: 1D5C PID: 7102) [class 11/00/00, no permission] rejected: device class 0x11 is not a phone | if0 11/00/00 (no endpoints)
08-31 21:43:58.703 I/OPENHU  (21250): [2] UsbDeviceDiagnostics.logDeviceList | UsbDiagnostics: USB list sees 1 USB device(s), 0 usable for Android Auto
08-31 21:43:58.726 I/OPENHU  (21250): [2] UsbDeviceDiagnostics.logDeviceList | UsbDiagnostics: USB list sees 0 USB device(s), 0 usable for Android Auto
08-31 21:43:58.727 I/OPENHU  (21250): [2] UsbDeviceDiagnostics.logDeviceList | UsbDiagnostics: nothing is on the bus. Either the port carries no data, the unit is not in USB host mode, or a wireless adapter is waiting for its phone before it presents itself.
08-31 21:44:29.101 I/OPENHU  (21250): [2] UsbDeviceDiagnostics.logDeviceList | UsbDiagnostics:   TaiYiLian UGREEN-BT701 (VID: 0A12 PID: 4007) [class 00/00/00, no permission] rejected: no Android interface | if0 03/00/00 (1 other) | if1 03/00/00 (2 other) | if2 01/01/00 (no endpoints) | if3 01/02/00 (no endpoints) | if4 01/02/00 (1 other) | if5 01/02/00 (1 other)
08-31 21:44:29.101 I/OPENHU  (21250): [2] UsbDeviceDiagnostics.logDeviceList | UsbDiagnostics: USB list sees 1 USB device(s), 0 usable for Android Auto
08-31 21:44:31.093 I/OPENHU  (21250): [2] UsbDeviceDiagnostics.logDeviceList | UsbDiagnostics: USB button sees 1 USB device(s), 0 usable for Android Auto
08-31 21:44:31.094 I/OPENHU  (21250): [2] UsbDeviceDiagnostics.logDeviceList | UsbDiagnostics:   TaiYiLian UGREEN-BT701 (VID: 0A12 PID: 4007) [class 00/00/00, no permission] rejected: no Android interface | if0 03/00/00 (1 other) | if1 03/00/00 (2 other) | if2 01/01/00 (no endpoints) | if3 01/02/00 (no endpoints) | if4 01/02/00 (1 other) | if5 01/02/00 (1 other)
08-31 21:45:09.301 I/OPENHU  (21250): [2] UsbDeviceDiagnostics.logDeviceList | UsbDiagnostics: USB list sees 0 USB device(s), 0 usable for Android Auto
08-31 21:45:09.302 I/OPENHU  (21250): [2] UsbDeviceDiagnostics.logDeviceList | UsbDiagnostics: nothing is on the bus. Either the port carries no data, the unit is not in USB host mode, or a wireless adapter is waiting for its phone before it presents itself.
08-31 21:45:27.771 I/OPENHU  (21250): [2] UsbDeviceDiagnostics.logDeviceList | UsbDiagnostics: nothing is on the bus. Either the port carries no data, the unit is not in USB host mode, or a wireless adapter is waiting for its phone before it presents itself.
08-31 21:45:27.771 I/OPENHU  (21250): [2] UsbDeviceDiagnostics.logDeviceList | UsbDiagnostics: USB button sees 0 USB device(s), 0 usable for Android Auto
08-31 21:45:43.192 V/OPENHU  (21250): [2] UsbDeviceDiagnostics.logDeviceList | UsbDiagnostics: USB list sees 1 USB device(s), 1 usable for Android Auto
08-31 21:45:43.193 V/OPENHU  (21250): [2] UsbDeviceDiagnostics.logDeviceList | UsbDiagnostics:   Xiaomi POCO X3 NFC (VID: 18D1 PID: 4EE1) [class 00/00/00, permission] accepted: PTP | if0 06/01/01 (1xbulkIn+1xbulkOut+1 other)
08-31 21:45:43.220 V/OPENHU  (21250): [2] UsbDeviceDiagnostics.logDeviceList | UsbDiagnostics: USB attach sees 1 USB device(s), 1 usable for Android Auto
08-31 21:45:43.221 V/OPENHU  (21250): [2] UsbDeviceDiagnostics.logDeviceList | UsbDiagnostics:   Xiaomi POCO X3 NFC (VID: 18D1 PID: 4EE1) [class 00/00/00, permission] accepted: PTP | if0 06/01/01 (1xbulkIn+1xbulkOut+1 other)
08-31 21:45:43.280 I/OPENHU  (21250): [2] UsbDeviceDiagnostics.logDeviceList | UsbDiagnostics: nothing is on the bus. Either the port carries no data, the unit is not in USB host mode, or a wireless adapter is waiting for its phone before it presents itself.
08-31 21:45:43.280 I/OPENHU  (21250): [2] UsbDeviceDiagnostics.logDeviceList | UsbDiagnostics: USB list sees 0 USB device(s), 0 usable for Android Auto
08-31 21:45:43.865 V/OPENHU  (21250): [2] UsbDeviceDiagnostics.logDeviceList | UsbDiagnostics: USB list sees 1 USB device(s), 1 usable for Android Auto
08-31 21:45:43.865 V/OPENHU  (21250): [2] UsbDeviceDiagnostics.logDeviceList | UsbDiagnostics:   Xiaomi POCO X3 NFC (VID: 18D1 PID: 2D00) [class 00/00/00, permission] accepted: already in accessory mode | if0 FF/FF/00 (1xbulkIn+1xbulkOut)
08-31 21:45:43.869 V/OPENHU  (21250): [2] UsbDeviceDiagnostics.logDeviceList | UsbDiagnostics: service scan (force=true) sees 1 USB device(s), 1 usable for Android Auto
08-31 21:45:43.869 V/OPENHU  (21250): [2] UsbDeviceDiagnostics.logDeviceList | UsbDiagnostics:   Xiaomi POCO X3 NFC (VID: 18D1 PID: 2D00) [class 00/00/00, permission] accepted: already in accessory mode | if0 FF/FF/00 (1xbulkIn+1xbulkOut)
08-31 21:45:43.890 V/OPENHU  (21250): [2] UsbDeviceDiagnostics.logDeviceList | UsbDiagnostics: USB attach sees 1 USB device(s), 1 usable for Android Auto
08-31 21:45:43.891 V/OPENHU  (21250): [2] UsbDeviceDiagnostics.logDeviceList | UsbDiagnostics:   Xiaomi POCO X3 NFC (VID: 18D1 PID: 2D00) [class 00/00/00, permission] accepted: already in accessory mode | if0 FF/FF/00 (1xbulkIn+1xbulkOut)
