--------- beginning of system
08-31 21:42:10.563 W/ActivityTaskManager( 1855): Finishing task with all activities already finished
08-31 21:42:10.564 W/ActivityTaskManager( 1855): Duplicate finish request for r=ActivityRecord{142786f u0 com.android.systemui/.usb.UsbResolverActivity t2987 f}}
08-31 21:42:27.097 W/ActivityTaskManager( 1855): callingPackage for (uid=2000, pid=23901) has no WPC
08-31 21:42:27.112 I/ActivityTaskManager( 1855): START u0 {act=android.intent.action.MAIN cat=[android.intent.category.LAUNCHER] flg=0x10200000 cmp=com.andrerinas.headunitrevived/com.andrerinas.openheadunit.main.MainActivity} with LAUNCH_SINGLE_TASK from uid 2000 (startActivityAsUser) (BAL_ALLOW_PERMISSION) result code=0
08-31 21:42:27.128 I/ActivityTaskManager( 1855): The Process com.andrerinas.headunitrevived Already Exists in BG. So sending its PID: 21250
08-31 21:42:27.164 I/ActivityTaskManager( 1855): Config changes=20000480 {1.0 732mcc111mnc [en_US] ldltr sw411dp w876dp h363dp 420dpi nrml long layoutCompatNeeded widecg land night finger -keyb/v/h -nav/h winConfig={ mBounds=Rect(0, 0 - 2400, 1080) mAppBounds=Rect(100, 0 - 2400, 1017) mMaxBounds=Rect(0, 0 - 2400, 1080) mDisplayRotation=ROTATION_90 mWindowingMode=fullscreen mDisplayWindowingMode=fullscreen mActivityType=undefined mAlwaysOnTop=undefined mRotation=ROTATION_90} as.2 s.1534 fontWeightAdjustment=0 spntigo gidnull}
08-31 21:42:27.479 I/ActivityTaskManager( 1855): Config changes=200 {1.0 732mcc111mnc [en_US] ldltr sw411dp w876dp h363dp 420dpi nrml long layoutCompatNeeded widecg land car night finger -keyb/v/h -nav/h winConfig={ mBounds=Rect(0, 0 - 2400, 1080) mAppBounds=Rect(100, 0 - 2400, 1017) mMaxBounds=Rect(0, 0 - 2400, 1080) mDisplayRotation=ROTATION_90 mWindowingMode=fullscreen mDisplayWindowingMode=fullscreen mActivityType=undefined mAlwaysOnTop=undefined mRotation=ROTATION_90} as.2 s.1638 fontWeightAdjustment=0 spntigo gidnull}
08-31 21:42:27.743 W/ActivityTaskManager( 1855): activity boost didn't release as expected
--------- beginning of main
08-31 21:42:27.749 I/ActivityTaskManager( 1855): Displayed com.andrerinas.headunitrevived/com.andrerinas.openheadunit.main.MainActivity for user 0: +646ms
08-31 21:42:27.777 W/ActivityTaskManager( 1855): Request to remove task ignored for non-existent task 2987
08-31 21:42:27.962 I/ActivityTaskManager( 1855): Config changes=20000400 {1.0 732mcc111mnc [en_US] ldltr sw411dp w876dp h387dp 420dpi nrml long layoutCompatNeeded widecg land car night finger -keyb/v/h -nav/h winConfig={ mBounds=Rect(0, 0 - 2400, 1080) mAppBounds=Rect(100, 0 - 2400, 1080) mMaxBounds=Rect(0, 0 - 2400, 1080) mDisplayRotation=ROTATION_90 mWindowingMode=fullscreen mDisplayWindowingMode=fullscreen mActivityType=undefined mAlwaysOnTop=undefined mRotation=ROTATION_90} as.2 s.1742 fontWeightAdjustment=0 spntigo gidnull}
08-31 21:42:28.078 I/ActivityTaskManager( 1855): Config changes=20000400 {1.0 732mcc111mnc [en_US] ldltr sw411dp w876dp h363dp 420dpi nrml long layoutCompatNeeded widecg land car night finger -keyb/v/h -nav/h winConfig={ mBounds=Rect(0, 0 - 2400, 1080) mAppBounds=Rect(100, 0 - 2400, 1017) mMaxBounds=Rect(0, 0 - 2400, 1080) mDisplayRotation=ROTATION_90 mWindowingMode=fullscreen mDisplayWindowingMode=fullscreen mActivityType=undefined mAlwaysOnTop=undefined mRotation=ROTATION_90} as.2 s.1846 fontWeightAdjustment=0 spntigo gidnull}
08-31 21:43:13.205 I/ActivityTaskManager( 1855): START u0 {flg=0x10000000 cmp=com.android.systemui/.usb.UsbResolverActivity (has extras)} with LAUNCH_MULTIPLE from uid 1000 (startActivityAsUser) (BAL_ALLOW_ALLOWLISTED_UID) result code=0
08-31 21:43:13.229 I/ActivityTaskManager( 1855): The Process com.android.systemui Already Exists in BG. So sending its PID: 2635
08-31 21:43:13.350 W/ActivityTaskManager( 1855): activity boost didn't release as expected
08-31 21:43:13.375 I/ActivityTaskManager( 1855): Displayed com.android.systemui/.usb.UsbResolverActivity for user 0: +171ms
08-31 21:43:15.261 W/ActivityTaskManager( 1855): Finishing task with all activities already finished
08-31 21:43:15.261 W/ActivityTaskManager( 1855): Duplicate finish request for r=ActivityRecord{da0bcd0 u0 com.android.systemui/.usb.UsbResolverActivity t2989 f}}
08-31 21:43:15.952 I/ActivityTaskManager( 1855): START u0 {flg=0x10000000 cmp=com.android.systemui/.usb.UsbResolverActivity (has extras)} with LAUNCH_MULTIPLE from uid 1000 (startActivityAsUser) (BAL_ALLOW_ALLOWLISTED_UID) result code=0
08-31 21:43:15.968 I/ActivityTaskManager( 1855): The Process com.android.systemui Already Exists in BG. So sending its PID: 2635
08-31 21:43:16.067 W/ActivityTaskManager( 1855): activity boost didn't release as expected
08-31 21:43:16.087 I/ActivityTaskManager( 1855): Displayed com.android.systemui/.usb.UsbResolverActivity for user 0: +133ms
08-31 21:43:17.091 W/ActivityTaskManager( 1855): Finishing task with all activities already finished
08-31 21:43:17.092 W/ActivityTaskManager( 1855): Duplicate finish request for r=ActivityRecord{1e37302 u0 com.android.systemui/.usb.UsbResolverActivity t2990 f}}
08-31 21:43:18.775 I/ActivityTaskManager( 1855): START u0 {flg=0x10000000 cmp=com.android.systemui/.usb.UsbPermissionActivity (has extras)} with LAUNCH_MULTIPLE from uid 1000 (startActivityAsUser) (BAL_ALLOW_ALLOWLISTED_UID) result code=0
08-31 21:43:18.786 I/ActivityTaskManager( 1855): The Process com.android.systemui Already Exists in BG. So sending its PID: 2635
08-31 21:43:18.846 W/ActivityTaskManager( 1855): activity boost didn't release as expected
08-31 21:43:18.857 I/ActivityTaskManager( 1855): Displayed com.android.systemui/.usb.UsbPermissionActivity for user 0: +80ms
08-31 21:43:20.584 I/ActivityTaskManager( 1855): START u0 {flg=0x10000000 cmp=com.android.systemui/.usb.UsbPermissionActivity (has extras)} with LAUNCH_MULTIPLE from uid 1000 (startActivityAsUser) (BAL_ALLOW_ALLOWLISTED_UID) result code=0
08-31 21:43:20.593 I/ActivityTaskManager( 1855): The Process com.android.systemui Already Exists in BG. So sending its PID: 2635
08-31 21:43:20.628 W/ActivityTaskManager( 1855): activity boost didn't release as expected
08-31 21:43:20.638 I/ActivityTaskManager( 1855): Displayed com.android.systemui/.usb.UsbPermissionActivity for user 0: +53ms
08-31 21:43:22.327 I/ActivityTaskManager( 1855): START u0 {flg=0x10000000 cmp=com.android.systemui/.usb.UsbPermissionActivity (has extras)} with LAUNCH_MULTIPLE from uid 1000 (startActivityAsUser) (BAL_ALLOW_ALLOWLISTED_UID) result code=0
08-31 21:43:22.338 I/ActivityTaskManager( 1855): The Process com.android.systemui Already Exists in BG. So sending its PID: 2635
08-31 21:43:22.383 W/ActivityTaskManager( 1855): activity boost didn't release as expected
08-31 21:43:22.392 I/ActivityTaskManager( 1855): Displayed com.android.systemui/.usb.UsbPermissionActivity for user 0: +67ms
08-31 21:43:24.055 I/ActivityTaskManager( 1855): START u0 {flg=0x10000000 cmp=com.android.systemui/.usb.UsbPermissionActivity (has extras)} with LAUNCH_MULTIPLE from uid 1000 (startActivityAsUser) (BAL_ALLOW_ALLOWLISTED_UID) result code=0
08-31 21:43:24.064 I/ActivityTaskManager( 1855): The Process com.android.systemui Already Exists in BG. So sending its PID: 2635
08-31 21:43:24.103 W/ActivityTaskManager( 1855): activity boost didn't release as expected
08-31 21:43:24.111 I/ActivityTaskManager( 1855): Displayed com.android.systemui/.usb.UsbPermissionActivity for user 0: +59ms
08-31 21:43:25.804 I/ActivityTaskManager( 1855): START u0 {flg=0x10000000 cmp=com.android.systemui/.usb.UsbPermissionActivity (has extras)} with LAUNCH_MULTIPLE from uid 1000 (startActivityAsUser) (BAL_ALLOW_ALLOWLISTED_UID) result code=0
08-31 21:43:25.815 I/ActivityTaskManager( 1855): The Process com.android.systemui Already Exists in BG. So sending its PID: 2635
08-31 21:43:25.860 W/ActivityTaskManager( 1855): activity boost didn't release as expected
08-31 21:43:25.868 I/ActivityTaskManager( 1855): Displayed com.android.systemui/.usb.UsbPermissionActivity for user 0: +66ms
08-31 21:43:27.548 I/ActivityTaskManager( 1855): START u0 {flg=0x10000000 cmp=com.android.systemui/.usb.UsbPermissionActivity (has extras)} with LAUNCH_MULTIPLE from uid 1000 (startActivityAsUser) (BAL_ALLOW_ALLOWLISTED_UID) result code=0
08-31 21:43:27.561 I/ActivityTaskManager( 1855): The Process com.android.systemui Already Exists in BG. So sending its PID: 2635
08-31 21:43:27.605 W/ActivityTaskManager( 1855): activity boost didn't release as expected
08-31 21:43:27.616 I/ActivityTaskManager( 1855): Displayed com.android.systemui/.usb.UsbPermissionActivity for user 0: +67ms
08-31 21:43:29.279 I/ActivityTaskManager( 1855): START u0 {flg=0x10000000 cmp=com.android.systemui/.usb.UsbPermissionActivity (has extras)} with LAUNCH_MULTIPLE from uid 1000 (startActivityAsUser) (BAL_ALLOW_ALLOWLISTED_UID) result code=0
08-31 21:43:29.295 I/ActivityTaskManager( 1855): The Process com.android.systemui Already Exists in BG. So sending its PID: 2635
08-31 21:43:29.331 W/ActivityTaskManager( 1855): activity boost didn't release as expected
08-31 21:43:29.341 I/ActivityTaskManager( 1855): Displayed com.android.systemui/.usb.UsbPermissionActivity for user 0: +63ms
08-31 21:43:31.017 I/ActivityTaskManager( 1855): START u0 {flg=0x10000000 cmp=com.android.systemui/.usb.UsbPermissionActivity (has extras)} with LAUNCH_MULTIPLE from uid 1000 (startActivityAsUser) (BAL_ALLOW_ALLOWLISTED_UID) result code=0
08-31 21:43:31.028 I/ActivityTaskManager( 1855): The Process com.android.systemui Already Exists in BG. So sending its PID: 2635
08-31 21:43:31.070 W/ActivityTaskManager( 1855): activity boost didn't release as expected
08-31 21:43:31.078 I/ActivityTaskManager( 1855): Displayed com.android.systemui/.usb.UsbPermissionActivity for user 0: +63ms
08-31 21:43:32.782 I/ActivityTaskManager( 1855): START u0 {flg=0x10000000 cmp=com.android.systemui/.usb.UsbPermissionActivity (has extras)} with LAUNCH_MULTIPLE from uid 1000 (startActivityAsUser) (BAL_ALLOW_ALLOWLISTED_UID) result code=0
08-31 21:43:32.794 I/ActivityTaskManager( 1855): The Process com.android.systemui Already Exists in BG. So sending its PID: 2635
08-31 21:43:32.838 W/ActivityTaskManager( 1855): activity boost didn't release as expected
08-31 21:43:32.847 I/ActivityTaskManager( 1855): Displayed com.android.systemui/.usb.UsbPermissionActivity for user 0: +68ms
08-31 21:43:59.829 W/ActivityTaskManager( 1855): Duplicate finish request for r=ActivityRecord{b25210a u0 com.andrerinas.headunitrevived/com.andrerinas.openheadunit.main.MainActivity t2988 f}}
08-31 21:43:59.878 I/ActivityTaskManager( 1855): Config changes=200 {1.0 732mcc111mnc [en_US] ldltr sw411dp w876dp h363dp 420dpi nrml long layoutCompatNeeded widecg land night finger -keyb/v/h -nav/h winConfig={ mBounds=Rect(0, 0 - 2400, 1080) mAppBounds=Rect(100, 0 - 2400, 1017) mMaxBounds=Rect(0, 0 - 2400, 1080) mDisplayRotation=ROTATION_90 mWindowingMode=fullscreen mDisplayWindowingMode=fullscreen mActivityType=undefined mAlwaysOnTop=undefined mRotation=ROTATION_90} as.2 s.1952 fontWeightAdjustment=0 spntigo gidnull}
08-31 21:44:00.043 I/ActivityTaskManager( 1855): Config changes=20000400 {1.0 732mcc111mnc [en_US] ldltr sw411dp w876dp h387dp 420dpi nrml long layoutCompatNeeded widecg land night finger -keyb/v/h -nav/h winConfig={ mBounds=Rect(0, 0 - 2400, 1080) mAppBounds=Rect(100, 0 - 2400, 1080) mMaxBounds=Rect(0, 0 - 2400, 1080) mDisplayRotation=ROTATION_90 mWindowingMode=fullscreen mDisplayWindowingMode=fullscreen mActivityType=undefined mAlwaysOnTop=undefined mRotation=ROTATION_90} as.2 s.2054 fontWeightAdjustment=0 spntigo gidnull}
08-31 21:44:00.163 I/ActivityTaskManager( 1855): Config changes=20000400 {1.0 732mcc111mnc [en_US] ldltr sw411dp w876dp h363dp 420dpi nrml long layoutCompatNeeded widecg land night finger -keyb/v/h -nav/h winConfig={ mBounds=Rect(0, 0 - 2400, 1080) mAppBounds=Rect(100, 0 - 2400, 1017) mMaxBounds=Rect(0, 0 - 2400, 1080) mDisplayRotation=ROTATION_90 mWindowingMode=fullscreen mDisplayWindowingMode=fullscreen mActivityType=undefined mAlwaysOnTop=undefined mRotation=ROTATION_90} as.2 s.2156 fontWeightAdjustment=0 spntigo gidnull}
08-31 21:44:00.866 I/ActivityTaskManager( 1855): Config changes=20000480 {1.0 732mcc111mnc [en_US] ldltr sw411dp w411dp h852dp 420dpi nrml long layoutCompatNeeded widecg port night finger -keyb/v/h -nav/h winConfig={ mBounds=Rect(0, 0 - 1080, 2400) mAppBounds=Rect(0, 100 - 1080, 2337) mMaxBounds=Rect(0, 0 - 1080, 2400) mDisplayRotation=ROTATION_0 mWindowingMode=fullscreen mDisplayWindowingMode=fullscreen mActivityType=undefined mAlwaysOnTop=undefined mRotation=ROTATION_0} as.2 s.2258 fontWeightAdjustment=0 spntigo gidnull}
08-31 21:44:28.923 W/ActivityTaskManager( 1855): callingPackage for (uid=2000, pid=24728) has no WPC
08-31 21:44:28.937 I/ActivityTaskManager( 1855): START u0 {act=android.intent.action.MAIN cat=[android.intent.category.LAUNCHER] flg=0x10200000 cmp=com.andrerinas.headunitrevived/com.andrerinas.openheadunit.main.MainActivity} with LAUNCH_SINGLE_TASK from uid 2000 (startActivityAsUser) (BAL_ALLOW_PERMISSION) result code=0
08-31 21:44:28.950 I/ActivityTaskManager( 1855): The Process com.andrerinas.headunitrevived Already Exists in BG. So sending its PID: 21250
08-31 21:44:28.994 I/ActivityTaskManager( 1855): Config changes=20000480 {1.0 732mcc111mnc [en_US] ldltr sw411dp w876dp h363dp 420dpi nrml long layoutCompatNeeded widecg land night finger -keyb/v/h -nav/h winConfig={ mBounds=Rect(0, 0 - 2400, 1080) mAppBounds=Rect(100, 0 - 2400, 1017) mMaxBounds=Rect(0, 0 - 2400, 1080) mDisplayRotation=ROTATION_90 mWindowingMode=fullscreen mDisplayWindowingMode=fullscreen mActivityType=undefined mAlwaysOnTop=undefined mRotation=ROTATION_90} as.2 s.2360 fontWeightAdjustment=0 spntigo gidnull}
08-31 21:44:29.281 I/ActivityTaskManager( 1855): Config changes=200 {1.0 732mcc111mnc [en_US] ldltr sw411dp w876dp h363dp 420dpi nrml long layoutCompatNeeded widecg land car night finger -keyb/v/h -nav/h winConfig={ mBounds=Rect(0, 0 - 2400, 1080) mAppBounds=Rect(100, 0 - 2400, 1017) mMaxBounds=Rect(0, 0 - 2400, 1080) mDisplayRotation=ROTATION_90 mWindowingMode=fullscreen mDisplayWindowingMode=fullscreen mActivityType=undefined mAlwaysOnTop=undefined mRotation=ROTATION_90} as.2 s.2462 fontWeightAdjustment=0 spntigo gidnull}
08-31 21:44:29.511 W/ActivityTaskManager( 1855): activity boost didn't release as expected
08-31 21:44:29.515 I/ActivityTaskManager( 1855): Displayed com.andrerinas.headunitrevived/com.andrerinas.openheadunit.main.MainActivity for user 0: +587ms
08-31 21:44:29.558 W/ActivityTaskManager( 1855): Request to remove task ignored for non-existent task 2999
08-31 21:44:29.638 I/ActivityTaskManager( 1855): Config changes=20000400 {1.0 732mcc111mnc [en_US] ldltr sw411dp w876dp h387dp 420dpi nrml long layoutCompatNeeded widecg land car night finger -keyb/v/h -nav/h winConfig={ mBounds=Rect(0, 0 - 2400, 1080) mAppBounds=Rect(100, 0 - 2400, 1080) mMaxBounds=Rect(0, 0 - 2400, 1080) mDisplayRotation=ROTATION_90 mWindowingMode=fullscreen mDisplayWindowingMode=fullscreen mActivityType=undefined mAlwaysOnTop=undefined mRotation=ROTATION_90} as.2 s.2564 fontWeightAdjustment=0 spntigo gidnull}
08-31 21:44:29.790 I/ActivityTaskManager( 1855): Config changes=20000400 {1.0 732mcc111mnc [en_US] ldltr sw411dp w876dp h363dp 420dpi nrml long layoutCompatNeeded widecg land car night finger -keyb/v/h -nav/h winConfig={ mBounds=Rect(0, 0 - 2400, 1080) mAppBounds=Rect(100, 0 - 2400, 1017) mMaxBounds=Rect(0, 0 - 2400, 1080) mDisplayRotation=ROTATION_90 mWindowingMode=fullscreen mDisplayWindowingMode=fullscreen mActivityType=undefined mAlwaysOnTop=undefined mRotation=ROTATION_90} as.2 s.2666 fontWeightAdjustment=0 spntigo gidnull}
08-31 21:45:25.553 W/ActivityTaskManager( 1855): callingPackage for (uid=2000, pid=24952) has no WPC
08-31 21:45:25.560 I/ActivityTaskManager( 1855): START u0 {act=android.intent.action.MAIN cat=[android.intent.category.LAUNCHER] flg=0x10200000 cmp=com.andrerinas.headunitrevived/com.andrerinas.openheadunit.main.MainActivity} with LAUNCH_SINGLE_TASK from uid 2000 (startActivityAsUser) (BAL_ALLOW_PERMISSION) result code=3
08-31 21:45:43.188 I/ActivityTaskManager( 1855): START u0 {act=android.hardware.usb.action.USB_DEVICE_ATTACHED flg=0x11000000 cmp=com.andrerinas.headunitrevived/com.andrerinas.openheadunit.app.UsbAttachedActivity (has extras)} with LAUNCH_SINGLE_TOP from uid 1000 (startActivityAsUser) (BAL_ALLOW_ALLOWLISTED_UID) result code=0
08-31 21:45:43.204 I/ActivityTaskManager( 1855): The Process com.andrerinas.headunitrevived Already Exists in BG. So sending its PID: 21250
08-31 21:45:43.262 W/ActivityTaskManager( 1855): activity boost didn't release as expected
08-31 21:45:43.271 I/ActivityTaskManager( 1855): Displayed com.andrerinas.headunitrevived/com.andrerinas.openheadunit.app.UsbAttachedActivity for user 0: +87ms
08-31 21:45:43.860 I/ActivityTaskManager( 1855): START u0 {act=android.hardware.usb.action.USB_DEVICE_ATTACHED flg=0x11000000 cmp=com.andrerinas.headunitrevived/com.andrerinas.openheadunit.app.UsbAttachedActivity (has extras)} with LAUNCH_SINGLE_TOP from uid 1000 (startActivityAsUser) (BAL_ALLOW_ALLOWLISTED_UID) result code=0
08-31 21:45:43.874 I/ActivityTaskManager( 1855): The Process com.andrerinas.headunitrevived Already Exists in BG. So sending its PID: 21250
08-31 21:45:43.996 I/ActivityTaskManager( 1855): START u0 {flg=0x30020000 cmp=com.andrerinas.headunitrevived/com.andrerinas.openheadunit.aap.AapProjectionActivity (has extras)} with LAUNCH_SINGLE_TASK from uid 10491 (startActivityAsUser) (BAL_ALLOW_VISIBLE_WINDOW) result code=0
08-31 21:45:44.026 I/ActivityTaskManager( 1855): The Process com.andrerinas.headunitrevived Already Exists in BG. So sending its PID: 21250
08-31 21:45:44.192 W/ActivityTaskManager( 1855): activity boost didn't release as expected
08-31 21:45:44.195 I/ActivityTaskManager( 1855): Displayed com.andrerinas.headunitrevived/com.andrerinas.openheadunit.aap.AapProjectionActivity for user 0: +205ms
08-31 21:45:44.633 I/ActivityTaskManager( 1855): START u0 {flg=0x10020000 cmp=com.andrerinas.headunitrevived/com.andrerinas.openheadunit.aap.AapProjectionActivity (has extras)} with LAUNCH_SINGLE_TASK from uid 10491 (startActivityAsUser) (BAL_ALLOW_VISIBLE_WINDOW) result code=3
08-31 21:45:57.043 W/ActivityTaskManager( 1855): callingPackage for (uid=2000, pid=25090) has no WPC
08-31 21:45:57.050 I/ActivityTaskManager( 1855): START u0 {act=android.intent.action.MAIN cat=[android.intent.category.LAUNCHER] flg=0x10200000 cmp=com.andrerinas.headunitrevived/com.andrerinas.openheadunit.main.MainActivity} with LAUNCH_SINGLE_TASK from uid 2000 (startActivityAsUser) (BAL_ALLOW_PERMISSION) result code=3
08-31 21:45:57.104 I/ActivityTaskManager( 1855): START u0 {flg=0x30020000 cmp=com.andrerinas.headunitrevived/com.andrerinas.openheadunit.aap.AapProjectionActivity (has extras)} with LAUNCH_SINGLE_TASK from uid 10491 (startActivityAsUser) (BAL_ALLOW_VISIBLE_WINDOW) result code=0
08-31 21:45:57.152 I/ActivityTaskManager( 1855): The Process com.andrerinas.headunitrevived Already Exists in BG. So sending its PID: 21250
08-31 21:45:57.278 W/ActivityTaskManager( 1855): activity boost didn't release as expected
08-31 21:45:57.282 I/ActivityTaskManager( 1855): Displayed com.andrerinas.headunitrevived/com.andrerinas.openheadunit.aap.AapProjectionActivity for user 0: +183ms
08-31 21:46:20.646 W/ActivityTaskManager( 1855): callingPackage for (uid=2000, pid=25173) has no WPC
08-31 21:46:20.659 I/ActivityTaskManager( 1855): START u0 {act=android.intent.action.VIEW dat=headunit://disconnect/... flg=0x10000000 cmp=com.andrerinas.headunitrevived/com.andrerinas.openheadunit.main.AutomationActivity} with LAUNCH_MULTIPLE from uid 2000 (startActivityAsUser) (BAL_ALLOW_PERMISSION) result code=0
08-31 21:46:20.667 I/ActivityTaskManager( 1855): The Process com.andrerinas.headunitrevived Already Exists in BG. So sending its PID: 21250
08-31 21:46:22.833 W/ActivityTaskManager( 1855): callingPackage for (uid=2000, pid=25268) has no WPC
08-31 21:46:22.854 I/ActivityTaskManager( 1855): START u0 {act=android.intent.action.VIEW dat=headunit://exit/... flg=0x10000000 cmp=com.andrerinas.headunitrevived/com.andrerinas.openheadunit.main.AutomationActivity} with LAUNCH_MULTIPLE from uid 2000 (startActivityAsUser) (BAL_ALLOW_PERMISSION) result code=0
08-31 21:46:22.862 I/ActivityTaskManager( 1855): The Process com.andrerinas.headunitrevived Already Exists in BG. So sending its PID: 21250
08-31 21:46:24.095 I/ActivityTaskManager( 1855): Config changes=200 {1.0 732mcc111mnc [en_US] ldltr sw411dp w876dp h363dp 420dpi nrml long layoutCompatNeeded widecg land night finger -keyb/v/h -nav/h winConfig={ mBounds=Rect(0, 0 - 2400, 1080) mAppBounds=Rect(100, 0 - 2400, 1017) mMaxBounds=Rect(0, 0 - 2400, 1080) mDisplayRotation=ROTATION_90 mWindowingMode=fullscreen mDisplayWindowingMode=fullscreen mActivityType=undefined mAlwaysOnTop=undefined mRotation=ROTATION_90} as.2 s.2768 fontWeightAdjustment=0 spntigo gidnull}
08-31 21:46:24.177 I/ActivityTaskManager( 1855): Config changes=20000400 {1.0 732mcc111mnc [en_US] ldltr sw411dp w876dp h387dp 420dpi nrml long layoutCompatNeeded widecg land night finger -keyb/v/h -nav/h winConfig={ mBounds=Rect(0, 0 - 2400, 1080) mAppBounds=Rect(100, 0 - 2400, 1080) mMaxBounds=Rect(0, 0 - 2400, 1080) mDisplayRotation=ROTATION_90 mWindowingMode=fullscreen mDisplayWindowingMode=fullscreen mActivityType=undefined mAlwaysOnTop=undefined mRotation=ROTATION_90} as.2 s.2870 fontWeightAdjustment=0 spntigo gidnull}
08-31 21:46:24.317 I/ActivityTaskManager( 1855): Config changes=20000400 {1.0 732mcc111mnc [en_US] ldltr sw411dp w876dp h363dp 420dpi nrml long layoutCompatNeeded widecg land night finger -keyb/v/h -nav/h winConfig={ mBounds=Rect(0, 0 - 2400, 1080) mAppBounds=Rect(100, 0 - 2400, 1017) mMaxBounds=Rect(0, 0 - 2400, 1080) mDisplayRotation=ROTATION_90 mWindowingMode=fullscreen mDisplayWindowingMode=fullscreen mActivityType=undefined mAlwaysOnTop=undefined mRotation=ROTATION_90} as.2 s.2973 fontWeightAdjustment=0 spntigo gidnull}
08-31 21:46:24.585 I/ActivityTaskManager( 1855): Config changes=20000480 {1.0 732mcc111mnc [en_US] ldltr sw411dp w411dp h852dp 420dpi nrml long layoutCompatNeeded widecg port night finger -keyb/v/h -nav/h winConfig={ mBounds=Rect(0, 0 - 1080, 2400) mAppBounds=Rect(0, 100 - 1080, 2337) mMaxBounds=Rect(0, 0 - 1080, 2400) mDisplayRotation=ROTATION_0 mWindowingMode=fullscreen mDisplayWindowingMode=fullscreen mActivityType=undefined mAlwaysOnTop=undefined mRotation=ROTATION_0} as.2 s.3074 fontWeightAdjustment=0 spntigo gidnull}
