09-15 13:04:45.462 26611 26946 I OPENHU  : [79] VideoDecoder.logThroughput | Throughput over 5007ms: rendered=256 (51fps), fed=255 (50fps), dropped=0, skipped=0, concealed=0, inputWait=85ms, enqueueWait=0ms, codec=c2.unisoc.avc.decoder, presented=256 (51fps), decodeLatency=8ms p95=9ms (256 frames)
09-15 13:04:45.476 26611 26611 I OPENHU  : [2] TextureProjectionView.onSurfaceTextureUpdated | TextureProjectionView: displayed 212 frames in 5001ms (42fps), longFrames=1
09-15 13:04:50.464 26611 26946 I OPENHU  : [79] VideoDecoder.logThroughput | Throughput over 5002ms: rendered=262 (52fps), fed=263 (52fps), dropped=0, skipped=0, concealed=0, inputWait=83ms, enqueueWait=0ms, codec=c2.unisoc.avc.decoder, presented=262 (52fps), decodeLatency=8ms p95=9ms (262 frames)
09-15 13:04:50.476 26611 26611 I OPENHU  : [2] TextureProjectionView.onSurfaceTextureUpdated | TextureProjectionView: displayed 229 frames in 5000ms (45fps), longFrames=1
09-15 13:04:54.233 26611 26903 I OPENHU  : [76] AapTransport.noteMessageReceived$com_andrerinas_headunitrevived_3_4_0_beta3_githubDebug | AapTransport: inbound rate over 30014ms: video=86kB/s (1450 msgs), audio=148kB/s (564 msgs), other=0kB/s (69 msgs)
09-15 13:04:55.473 26611 26946 I OPENHU  : [79] VideoDecoder.logThroughput | Throughput over 5010ms: rendered=257 (51fps), fed=257 (51fps), dropped=0, skipped=0, concealed=0, inputWait=78ms, enqueueWait=0ms, codec=c2.unisoc.avc.decoder, presented=257 (51fps), decodeLatency=8ms p95=9ms (257 frames)
09-15 13:04:55.476 26611 26611 I OPENHU  : [2] TextureProjectionView.onSurfaceTextureUpdated | TextureProjectionView: displayed 219 frames in 5000ms (43fps), longFrames=1
09-15 13:05:00.478 26611 26946 I OPENHU  : [79] VideoDecoder.logThroughput | Throughput over 5003ms: rendered=251 (50fps), fed=251 (50fps), dropped=0, skipped=0, concealed=0, inputWait=84ms, enqueueWait=0ms, codec=c2.unisoc.avc.decoder, presented=251 (50fps), decodeLatency=8ms p95=10ms (251 frames)
09-15 13:05:00.495 26611 26611 I OPENHU  : [2] TextureProjectionView.onSurfaceTextureUpdated | TextureProjectionView: displayed 222 frames in 5018ms (44fps), longFrames=1
09-15 13:05:05.477 26611 26946 I OPENHU  : [79] VideoDecoder.logThroughput | Throughput over 5000ms: rendered=262 (52fps), fed=261 (52fps), dropped=0, skipped=0, concealed=0, inputWait=77ms, enqueueWait=0ms, codec=c2.unisoc.avc.decoder, presented=262 (52fps), decodeLatency=8ms p95=9ms (262 frames)
09-15 13:05:05.496 26611 26611 I OPENHU  : [2] TextureProjectionView.onSurfaceTextureUpdated | TextureProjectionView: displayed 230 frames in 5000ms (46fps), longFrames=1
09-15 13:05:10.476 26611 26946 I OPENHU  : [79] VideoDecoder.logThroughput | Throughput over 5000ms: rendered=261 (52fps), fed=261 (52fps), dropped=0, skipped=0, concealed=0, inputWait=81ms, enqueueWait=0ms, codec=c2.unisoc.avc.decoder, presented=261 (52fps), decodeLatency=8ms p95=10ms (261 frames)
09-15 13:05:10.511 26611 26611 I OPENHU  : [2] TextureProjectionView.onSurfaceTextureUpdated | TextureProjectionView: displayed 238 frames in 5016ms (47fps), longFrames=1
09-15 13:05:15.477 26611 26946 I OPENHU  : [79] VideoDecoder.logThroughput | Throughput over 5000ms: rendered=262 (52fps), fed=262 (52fps), dropped=0, skipped=0, concealed=0, inputWait=93ms, enqueueWait=0ms, codec=c2.unisoc.avc.decoder, presented=262 (52fps), decodeLatency=8ms p95=9ms (262 frames)
09-15 13:05:15.512 26611 26611 I OPENHU  : [2] TextureProjectionView.onSurfaceTextureUpdated | TextureProjectionView: displayed 227 frames in 5000ms (45fps), longFrames=1
09-15 13:05:20.478 26611 26946 I OPENHU  : [79] VideoDecoder.logThroughput | Throughput over 5002ms: rendered=270 (53fps), fed=270 (53fps), dropped=0, skipped=0, concealed=0, inputWait=72ms, enqueueWait=0ms, codec=c2.unisoc.avc.decoder, presented=270 (53fps), decodeLatency=8ms p95=9ms (270 frames)
09-15 13:05:20.511 26611 26611 I OPENHU  : [2] TextureProjectionView.onSurfaceTextureUpdated | TextureProjectionView: displayed 236 frames in 5000ms (47fps), longFrames=1
09-15 13:05:24.247 26611 26903 I OPENHU  : [76] AapTransport.noteMessageReceived$com_andrerinas_headunitrevived_3_4_0_beta3_githubDebug | AapTransport: inbound rate over 30013ms: video=72kB/s (1566 msgs), audio=187kB/s (703 msgs), other=0kB/s (60 msgs)
09-15 13:05:25.483 26611 26946 I OPENHU  : [79] VideoDecoder.logThroughput | Throughput over 5004ms: rendered=261 (52fps), fed=261 (52fps), dropped=0, skipped=0, concealed=0, inputWait=88ms, enqueueWait=0ms, codec=c2.unisoc.avc.decoder, presented=261 (52fps), decodeLatency=8ms p95=9ms (261 frames)
09-15 13:05:25.511 26611 26611 I OPENHU  : [2] TextureProjectionView.onSurfaceTextureUpdated | TextureProjectionView: displayed 218 frames in 5001ms (43fps), longFrames=1
09-15 13:05:30.486 26611 26946 I OPENHU  : [79] VideoDecoder.logThroughput | Throughput over 5003ms: rendered=261 (52fps), fed=261 (52fps), dropped=0, skipped=0, concealed=0, inputWait=93ms, enqueueWait=0ms, codec=c2.unisoc.avc.decoder, presented=261 (52fps), decodeLatency=8ms p95=10ms (261 frames)
09-15 13:05:30.512 26611 26611 I OPENHU  : [2] TextureProjectionView.onSurfaceTextureUpdated | TextureProjectionView: displayed 212 frames in 5000ms (42fps), longFrames=1
09-15 13:05:35.490 26611 26946 I OPENHU  : [79] VideoDecoder.logThroughput | Throughput over 5005ms: rendered=247 (49fps), fed=248 (49fps), dropped=0, skipped=0, concealed=0, inputWait=101ms, enqueueWait=0ms, codec=c2.unisoc.avc.decoder, presented=247 (49fps), decodeLatency=8ms p95=22ms (247 frames)
09-15 13:05:35.529 26611 26611 I OPENHU  : [2] TextureProjectionView.onSurfaceTextureUpdated | TextureProjectionView: displayed 174 frames in 5017ms (34fps), longFrames=1
09-15 13:05:36.520 26611 26947 I OPENHU  : [80] VideoDecoder.feedInputBuffer | VideoDecoder: keyframe reached the codec (134234 bytes)
09-15 13:05:36.528 26611 26946 I OPENHU  : [79] VideoDecoder.outputThreadLoop | VideoDecoder: keyframe decoded - the picture is repaired
09-15 13:05:40.492 26611 26946 I OPENHU  : [79] VideoDecoder.logThroughput | Throughput over 5001ms: rendered=259 (51fps), fed=259 (51fps), dropped=0, skipped=0, concealed=0, inputWait=92ms, enqueueWait=0ms, codec=c2.unisoc.avc.decoder, presented=259 (51fps), decodeLatency=8ms p95=10ms (259 frames)
09-15 13:05:40.529 26611 26611 I OPENHU  : [2] TextureProjectionView.onSurfaceTextureUpdated | TextureProjectionView: displayed 217 frames in 5000ms (43fps), longFrames=1
09-15 13:05:45.492 26611 26946 I OPENHU  : [79] VideoDecoder.logThroughput | Throughput over 5001ms: rendered=259 (51fps), fed=258 (51fps), dropped=0, skipped=0, concealed=0, inputWait=85ms, enqueueWait=0ms, codec=c2.unisoc.avc.decoder, presented=259 (51fps), decodeLatency=8ms p95=9ms (259 frames)
09-15 13:05:45.529 26611 26611 I OPENHU  : [2] TextureProjectionView.onSurfaceTextureUpdated | TextureProjectionView: displayed 216 frames in 5000ms (43fps), longFrames=1
09-15 13:05:50.493 26611 26946 I OPENHU  : [79] VideoDecoder.logThroughput | Throughput over 5000ms: rendered=254 (50fps), fed=254 (50fps), dropped=0, skipped=0, concealed=0, inputWait=81ms, enqueueWait=0ms, codec=c2.unisoc.avc.decoder, presented=254 (50fps), decodeLatency=8ms p95=10ms (254 frames)
09-15 13:05:50.530 26611 26611 I OPENHU  : [2] TextureProjectionView.onSurfaceTextureUpdated | TextureProjectionView: displayed 216 frames in 5001ms (43fps), longFrames=1
09-15 13:05:54.249 26611 26903 I OPENHU  : [76] AapTransport.noteMessageReceived$com_andrerinas_headunitrevived_3_4_0_beta3_githubDebug | AapTransport: inbound rate over 30003ms: video=69kB/s (1541 msgs), audio=187kB/s (704 msgs), other=0kB/s (60 msgs)
09-15 13:05:55.492 26611 26946 I OPENHU  : [79] VideoDecoder.logThroughput | Throughput over 5000ms: rendered=256 (51fps), fed=256 (51fps), dropped=0, skipped=0, concealed=0, inputWait=77ms, enqueueWait=0ms, codec=c2.unisoc.avc.decoder, presented=256 (51fps), decodeLatency=8ms p95=9ms (256 frames)
09-15 13:05:55.546 26611 26611 I OPENHU  : [2] TextureProjectionView.onSurfaceTextureUpdated | TextureProjectionView: displayed 214 frames in 5017ms (42fps), longFrames=1
09-15 13:06:00.501 26611 26946 I OPENHU  : [79] VideoDecoder.logThroughput | Throughput over 5009ms: rendered=239 (47fps), fed=239 (47fps), dropped=0, skipped=0, concealed=0, inputWait=180ms, enqueueWait=0ms, codec=c2.unisoc.avc.decoder, presented=239 (47fps), decodeLatency=9ms p95=40ms (239 frames)
09-15 13:06:00.653 26611 26611 I OPENHU  : [2] TextureProjectionView.onSurfaceTextureUpdated | TextureProjectionView: displayed 139 frames in 5106ms (27fps), longFrames=1
09-15 13:06:01.222 26611 26611 I OPENHU  : [2] StationScanMonitor.record | StationScanMonitor: station scans: 1 in 109783ms, one scan, so no cadence yet. Each one takes the radio off the group's channel.
09-15 13:06:05.512 26611 26946 I OPENHU  : [79] VideoDecoder.logThroughput | Throughput over 5010ms: rendered=255 (50fps), fed=256 (51fps), dropped=0, skipped=0, concealed=0, inputWait=119ms, enqueueWait=0ms, codec=c2.unisoc.avc.decoder, presented=255 (50fps), decodeLatency=8ms p95=29ms (255 frames)
09-15 13:06:05.655 26611 26611 I OPENHU  : [2] TextureProjectionView.onSurfaceTextureUpdated | TextureProjectionView: displayed 197 frames in 5000ms (39fps), longFrames=1
09-15 13:06:10.513 26611 26946 I OPENHU  : [79] VideoDecoder.logThroughput | Throughput over 5001ms: rendered=264 (52fps), fed=263 (52fps), dropped=0, skipped=0, concealed=0, inputWait=87ms, enqueueWait=0ms, codec=c2.unisoc.avc.decoder, presented=264 (52fps), decodeLatency=8ms p95=10ms (264 frames)
09-15 13:06:10.670 26611 26611 I OPENHU  : [2] TextureProjectionView.onSurfaceTextureUpdated | TextureProjectionView: displayed 220 frames in 5017ms (43fps), longFrames=1
09-15 13:06:15.519 26611 26946 I OPENHU  : [79] VideoDecoder.logThroughput | Throughput over 5006ms: rendered=258 (51fps), fed=259 (51fps), dropped=0, skipped=0, concealed=0, inputWait=82ms, enqueueWait=0ms, codec=c2.unisoc.avc.decoder, presented=258 (51fps), decodeLatency=8ms p95=9ms (258 frames)
09-15 13:06:15.688 26611 26611 I OPENHU  : [2] TextureProjectionView.onSurfaceTextureUpdated | TextureProjectionView: displayed 212 frames in 5018ms (42fps), longFrames=1
09-15 13:06:20.526 26611 26946 I OPENHU  : [79] VideoDecoder.logThroughput | Throughput over 5007ms: rendered=258 (51fps), fed=258 (51fps), dropped=0, skipped=0, concealed=0, inputWait=80ms, enqueueWait=0ms, codec=c2.unisoc.avc.decoder, presented=258 (51fps), decodeLatency=8ms p95=10ms (258 frames)
09-15 13:06:20.705 26611 26611 I OPENHU  : [2] TextureProjectionView.onSurfaceTextureUpdated | TextureProjectionView: displayed 211 frames in 5017ms (42fps), longFrames=1
09-15 13:06:24.255 26611 26903 I OPENHU  : [76] AapTransport.noteMessageReceived$com_andrerinas_headunitrevived_3_4_0_beta3_githubDebug | AapTransport: inbound rate over 30006ms: video=61kB/s (1532 msgs), audio=187kB/s (703 msgs), other=0kB/s (60 msgs)
09-15 13:06:25.527 26611 26946 I OPENHU  : [79] VideoDecoder.logThroughput | Throughput over 5002ms: rendered=257 (51fps), fed=257 (51fps), dropped=0, skipped=0, concealed=0, inputWait=92ms, enqueueWait=0ms, codec=c2.unisoc.avc.decoder, presented=257 (51fps), decodeLatency=8ms p95=10ms (257 frames)
09-15 13:06:25.705 26611 26611 I OPENHU  : [2] TextureProjectionView.onSurfaceTextureUpdated | TextureProjectionView: displayed 222 frames in 5000ms (44fps), longFrames=1
09-15 13:06:30.527 26611 26946 I OPENHU  : [79] VideoDecoder.logThroughput | Throughput over 5000ms: rendered=252 (50fps), fed=252 (50fps), dropped=0, skipped=0, concealed=0, inputWait=85ms, enqueueWait=0ms, codec=c2.unisoc.avc.decoder, presented=252 (50fps), decodeLatency=8ms p95=9ms (252 frames)
09-15 13:06:30.723 26611 26611 I OPENHU  : [2] TextureProjectionView.onSurfaceTextureUpdated | TextureProjectionView: displayed 214 frames in 5018ms (42fps), longFrames=1
09-15 13:06:35.537 26611 26946 I OPENHU  : [79] VideoDecoder.logThroughput | Throughput over 5009ms: rendered=257 (51fps), fed=256 (51fps), dropped=0, skipped=0, concealed=0, inputWait=73ms, enqueueWait=0ms, codec=c2.unisoc.avc.decoder, presented=257 (51fps), decodeLatency=8ms p95=10ms (257 frames)
09-15 13:06:35.757 26611 26611 I OPENHU  : [2] TextureProjectionView.onSurfaceTextureUpdated | TextureProjectionView: displayed 215 frames in 5034ms (42fps), longFrames=1
09-15 13:06:37.517 26611 26611 I OPENHU  : [2] HeadUnitScreenConfig.init | [UI_DEBUG] HeadUnitScreenConfig: Raw size: 1304x720, usable: 1440x720, orientation setting: SYSTEM, configOrientation: 2
09-15 13:06:37.518 26611 26611 I OPENHU  : [2] HeadUnitScreenConfig.init | [UI_DEBUG] HeadUnitScreenConfig: Final normalized size: 1304x720, usable: 1440x720
09-15 13:06:37.521 26611 26611 I OPENHU  : [2] ProjectionViewScaler.updateScale | [UI_DEBUG] Normal Scale. scaleX: 1.0, scaleY: 1.0
09-15 13:06:37.583 26611 26611 I OPENHU  : [2] HeadUnitScreenConfig.init | [UI_DEBUG] HeadUnitScreenConfig: Raw size: 1304x720, usable: 1440x720, orientation setting: SYSTEM, configOrientation: 2
09-15 13:06:37.584 26611 26611 I OPENHU  : [2] HeadUnitScreenConfig.init | [UI_DEBUG] HeadUnitScreenConfig: Final normalized size: 1304x720, usable: 1440x720
09-15 13:06:37.586 26611 26611 I OPENHU  : [2] ProjectionViewScaler.updateScale | [UI_DEBUG] Normal Scale. scaleX: 1.0, scaleY: 1.0
09-15 13:06:40.538 26611 26946 I OPENHU  : [79] VideoDecoder.logThroughput | Throughput over 5002ms: rendered=257 (51fps), fed=257 (51fps), dropped=0, skipped=0, concealed=0, inputWait=108ms, enqueueWait=0ms, codec=c2.unisoc.avc.decoder, presented=257 (51fps), decodeLatency=8ms p95=11ms (257 frames)
09-15 13:06:40.777 26611 26611 I OPENHU  : [2] TextureProjectionView.onSurfaceTextureUpdated | TextureProjectionView: displayed 213 frames in 5018ms (42fps), longFrames=1
09-15 13:06:45.538 26611 26946 I OPENHU  : [79] VideoDecoder.logThroughput | Throughput over 5000ms: rendered=259 (51fps), fed=259 (51fps), dropped=0, skipped=0, concealed=0, inputWait=84ms, enqueueWait=0ms, codec=c2.unisoc.avc.decoder, presented=259 (51fps), decodeLatency=9ms p95=11ms (259 frames)
09-15 13:06:45.776 26611 26611 I OPENHU  : [2] TextureProjectionView.onSurfaceTextureUpdated | TextureProjectionView: displayed 214 frames in 5000ms (42fps), longFrames=1
09-15 13:06:46.877 26611 26947 I OPENHU  : [80] VideoDecoder.feedInputBuffer | VideoDecoder: keyframe reached the codec (132451 bytes)
09-15 13:06:46.885 26611 26946 I OPENHU  : [79] VideoDecoder.outputThreadLoop | VideoDecoder: keyframe decoded - the picture is repaired
09-15 13:06:50.546 26611 26946 I OPENHU  : [79] VideoDecoder.logThroughput | Throughput over 5007ms: rendered=270 (53fps), fed=270 (53fps), dropped=0, skipped=0, concealed=0, inputWait=107ms, enqueueWait=0ms, codec=c2.unisoc.avc.decoder, presented=270 (53fps), decodeLatency=9ms p95=13ms (270 frames)
09-15 13:06:50.776 26611 26611 I OPENHU  : [2] TextureProjectionView.onSurfaceTextureUpdated | TextureProjectionView: displayed 220 frames in 5000ms (44fps), longFrames=1
09-15 13:06:54.254 26611 26903 I OPENHU  : [76] AapTransport.noteMessageReceived$com_andrerinas_headunitrevived_3_4_0_beta3_githubDebug | AapTransport: inbound rate over 30000ms: video=252kB/s (1858 msgs), audio=187kB/s (703 msgs), other=0kB/s (61 msgs)
09-15 13:06:55.547 26611 26946 I OPENHU  : [79] VideoDecoder.logThroughput | Throughput over 5001ms: rendered=274 (54fps), fed=274 (54fps), dropped=0, skipped=0, concealed=0, inputWait=114ms, enqueueWait=0ms, codec=c2.unisoc.avc.decoder, presented=274 (54fps), decodeLatency=9ms p95=12ms (274 frames)
09-15 13:06:55.780 26611 26611 I OPENHU  : [2] TextureProjectionView.onSurfaceTextureUpdated | TextureProjectionView: displayed 208 frames in 5005ms (41fps), longFrames=1
09-15 13:07:00.546 26611 26946 I OPENHU  : [79] VideoDecoder.logThroughput | Throughput over 5000ms: rendered=273 (54fps), fed=273 (54fps), dropped=0, skipped=0, concealed=0, inputWait=110ms, enqueueWait=0ms, codec=c2.unisoc.avc.decoder, presented=273 (54fps), decodeLatency=9ms p95=13ms (273 frames)
09-15 13:07:00.793 26611 26611 I OPENHU  : [2] TextureProjectionView.onSurfaceTextureUpdated | TextureProjectionView: displayed 227 frames in 5013ms (45fps), longFrames=1
09-15 13:07:00.916 26611 26611 I OPENHU  : [2] HeadUnitScreenConfig.init | [UI_DEBUG] HeadUnitScreenConfig: Raw size: 1304x720, usable: 1440x720, orientation setting: SYSTEM, configOrientation: 2
09-15 13:07:00.917 26611 26611 I OPENHU  : [2] HeadUnitScreenConfig.init | [UI_DEBUG] HeadUnitScreenConfig: Final normalized size: 1304x720, usable: 1440x720
09-15 13:07:00.922 26611 26611 I OPENHU  : [2] ProjectionViewScaler.updateScale | [UI_DEBUG] Normal Scale. scaleX: 1.0, scaleY: 1.0
09-15 13:07:05.548 26611 26946 I OPENHU  : [79] VideoDecoder.logThroughput | Throughput over 5001ms: rendered=251 (50fps), fed=251 (50fps), dropped=0, skipped=0, concealed=0, inputWait=118ms, enqueueWait=0ms, codec=c2.unisoc.avc.decoder, presented=251 (50fps), decodeLatency=9ms p95=11ms (251 frames)
09-15 13:07:05.793 26611 26611 I OPENHU  : [2] TextureProjectionView.onSurfaceTextureUpdated | TextureProjectionView: displayed 209 frames in 5000ms (41fps), longFrames=1
09-15 13:07:10.549 26611 26946 I OPENHU  : [79] VideoDecoder.logThroughput | Throughput over 5001ms: rendered=255 (50fps), fed=256 (51fps), dropped=0, skipped=0, concealed=0, inputWait=114ms, enqueueWait=0ms, codec=c2.unisoc.avc.decoder, presented=255 (50fps), decodeLatency=9ms p95=11ms (255 frames)
09-15 13:07:10.793 26611 26611 I OPENHU  : [2] TextureProjectionView.onSurfaceTextureUpdated | TextureProjectionView: displayed 217 frames in 5000ms (43fps), longFrames=1
09-15 13:07:15.556 26611 26946 I OPENHU  : [79] VideoDecoder.logThroughput | Throughput over 5008ms: rendered=272 (54fps), fed=271 (54fps), dropped=0, skipped=0, concealed=0, inputWait=122ms, enqueueWait=0ms, codec=c2.unisoc.avc.decoder, presented=272 (54fps), decodeLatency=9ms p95=13ms (272 frames)
09-15 13:07:15.812 26611 26611 I OPENHU  : [2] TextureProjectionView.onSurfaceTextureUpdated | TextureProjectionView: displayed 194 frames in 5017ms (38fps), longFrames=1
09-15 13:07:20.557 26611 26946 I OPENHU  : [79] VideoDecoder.logThroughput | Throughput over 5000ms: rendered=276 (55fps), fed=277 (55fps), dropped=0, skipped=0, concealed=0, inputWait=126ms, enqueueWait=0ms, codec=c2.unisoc.avc.decoder, presented=276 (55fps), decodeLatency=9ms p95=13ms (276 frames)
09-15 13:07:20.829 26611 26611 I OPENHU  : [2] TextureProjectionView.onSurfaceTextureUpdated | TextureProjectionView: displayed 215 frames in 5019ms (42fps), longFrames=1
09-15 13:07:24.256 26611 26903 I OPENHU  : [76] AapTransport.noteMessageReceived$com_andrerinas_headunitrevived_3_4_0_beta3_githubDebug | AapTransport: inbound rate over 30001ms: video=882kB/s (2863 msgs), audio=187kB/s (703 msgs), other=0kB/s (60 msgs)
09-15 13:07:25.561 26611 26946 I OPENHU  : [79] VideoDecoder.logThroughput | Throughput over 5003ms: rendered=276 (55fps), fed=275 (54fps), dropped=0, skipped=0, concealed=0, inputWait=123ms, enqueueWait=0ms, codec=c2.unisoc.avc.decoder, presented=276 (55fps), decodeLatency=9ms p95=13ms (276 frames)
09-15 13:07:25.851 26611 26611 I OPENHU  : [2] TextureProjectionView.onSurfaceTextureUpdated | TextureProjectionView: displayed 212 frames in 5022ms (42fps), longFrames=1
09-15 13:07:30.567 26611 26946 I OPENHU  : [79] VideoDecoder.logThroughput | Throughput over 5007ms: rendered=271 (54fps), fed=271 (54fps), dropped=0, skipped=0, concealed=0, inputWait=109ms, enqueueWait=0ms, codec=c2.unisoc.avc.decoder, presented=271 (54fps), decodeLatency=9ms p95=15ms (271 frames)
09-15 13:07:30.862 26611 26611 I OPENHU  : [2] TextureProjectionView.onSurfaceTextureUpdated | TextureProjectionView: displayed 193 frames in 5011ms (38fps), longFrames=1
09-15 13:07:35.568 26611 26946 I OPENHU  : [79] VideoDecoder.logThroughput | Throughput over 5000ms: rendered=236 (47fps), fed=236 (47fps), dropped=0, skipped=0, concealed=0, inputWait=114ms, enqueueWait=0ms, codec=c2.unisoc.avc.decoder, presented=236 (47fps), decodeLatency=10ms p95=22ms (236 frames)
09-15 13:07:35.881 26611 26611 I OPENHU  : [2] TextureProjectionView.onSurfaceTextureUpdated | TextureProjectionView: displayed 158 frames in 5019ms (31fps), longFrames=1
09-15 13:07:40.574 26611 26946 I OPENHU  : [79] VideoDecoder.logThroughput | Throughput over 5007ms: rendered=260 (51fps), fed=260 (51fps), dropped=0, skipped=0, concealed=0, inputWait=110ms, enqueueWait=0ms, codec=c2.unisoc.avc.decoder, presented=260 (51fps), decodeLatency=9ms p95=11ms (260 frames)
09-15 13:07:40.881 26611 26611 I OPENHU  : [2] TextureProjectionView.onSurfaceTextureUpdated | TextureProjectionView: displayed 217 frames in 5000ms (43fps), longFrames=1
09-15 13:07:45.578 26611 26946 I OPENHU  : [79] VideoDecoder.logThroughput | Throughput over 5004ms: rendered=258 (51fps), fed=259 (51fps), dropped=0, skipped=0, concealed=0, inputWait=115ms, enqueueWait=0ms, codec=c2.unisoc.avc.decoder, presented=258 (51fps), decodeLatency=9ms p95=11ms (258 frames)
09-15 13:07:45.882 26611 26611 I OPENHU  : [2] TextureProjectionView.onSurfaceTextureUpdated | TextureProjectionView: displayed 223 frames in 5000ms (44fps), longFrames=1
09-15 13:07:50.582 26611 26946 I OPENHU  : [79] VideoDecoder.logThroughput | Throughput over 5005ms: rendered=257 (51fps), fed=256 (51fps), dropped=0, skipped=0, concealed=0, inputWait=108ms, enqueueWait=0ms, codec=c2.unisoc.avc.decoder, presented=257 (51fps), decodeLatency=9ms p95=11ms (257 frames)
09-15 13:07:50.882 26611 26611 I OPENHU  : [2] TextureProjectionView.onSurfaceTextureUpdated | TextureProjectionView: displayed 217 frames in 5000ms (43fps), longFrames=1
09-15 13:07:54.261 26611 26903 I OPENHU  : [76] AapTransport.noteMessageReceived$com_andrerinas_headunitrevived_3_4_0_beta3_githubDebug | AapTransport: inbound rate over 30005ms: video=523kB/s (2245 msgs), audio=187kB/s (703 msgs), other=0kB/s (59 msgs)
09-15 13:07:55.180 26611 26947 I OPENHU  : [80] VideoDecoder.feedInputBuffer | VideoDecoder: keyframe reached the codec (84332 bytes)
09-15 13:07:55.186 26611 26946 I OPENHU  : [79] VideoDecoder.outputThreadLoop | VideoDecoder: keyframe decoded - the picture is repaired
09-15 13:07:55.590 26611 26946 I OPENHU  : [79] VideoDecoder.logThroughput | Throughput over 5007ms: rendered=261 (52fps), fed=262 (52fps), dropped=0, skipped=0, concealed=0, inputWait=105ms, enqueueWait=0ms, codec=c2.unisoc.avc.decoder, presented=261 (52fps), decodeLatency=9ms p95=11ms (261 frames)
09-15 13:07:55.899 26611 26611 I OPENHU  : [2] TextureProjectionView.onSurfaceTextureUpdated | TextureProjectionView: displayed 210 frames in 5018ms (41fps), longFrames=1
09-15 13:08:00.594 26611 26946 I OPENHU  : [79] VideoDecoder.logThroughput | Throughput over 5004ms: rendered=260 (51fps), fed=260 (51fps), dropped=0, skipped=0, concealed=0, inputWait=106ms, enqueueWait=0ms, codec=c2.unisoc.avc.decoder, presented=260 (51fps), decodeLatency=9ms p95=11ms (260 frames)
09-15 13:08:00.916 26611 26611 I OPENHU  : [2] TextureProjectionView.onSurfaceTextureUpdated | TextureProjectionView: displayed 213 frames in 5017ms (42fps), longFrames=1
09-15 13:08:05.599 26611 26946 I OPENHU  : [79] VideoDecoder.logThroughput | Throughput over 5005ms: rendered=262 (52fps), fed=261 (52fps), dropped=0, skipped=0, concealed=0, inputWait=105ms, enqueueWait=0ms, codec=c2.unisoc.avc.decoder, presented=262 (52fps), decodeLatency=9ms p95=11ms (262 frames)
09-15 13:08:05.916 26611 26611 I OPENHU  : [2] TextureProjectionView.onSurfaceTextureUpdated | TextureProjectionView: displayed 224 frames in 5000ms (44fps), longFrames=1
09-15 13:08:10.604 26611 26946 I OPENHU  : [79] VideoDecoder.logThroughput | Throughput over 5004ms: rendered=259 (51fps), fed=259 (51fps), dropped=0, skipped=0, concealed=0, inputWait=82ms, enqueueWait=0ms, codec=c2.unisoc.avc.decoder, presented=259 (51fps), decodeLatency=9ms p95=11ms (259 frames)
09-15 13:08:10.933 26611 26611 I OPENHU  : [2] TextureProjectionView.onSurfaceTextureUpdated | TextureProjectionView: displayed 210 frames in 5017ms (41fps), longFrames=1
09-15 13:08:15.604 26611 26946 I OPENHU  : [79] VideoDecoder.logThroughput | Throughput over 5000ms: rendered=256 (51fps), fed=256 (51fps), dropped=0, skipped=0, concealed=0, inputWait=112ms, enqueueWait=0ms, codec=c2.unisoc.avc.decoder, presented=256 (51fps), decodeLatency=9ms p95=11ms (256 frames)
09-15 13:08:15.951 26611 26611 I OPENHU  : [2] TextureProjectionView.onSurfaceTextureUpdated | TextureProjectionView: displayed 207 frames in 5017ms (41fps), longFrames=1
09-15 13:08:20.613 26611 26946 I OPENHU  : [79] VideoDecoder.logThroughput | Throughput over 5010ms: rendered=253 (50fps), fed=254 (50fps), dropped=0, skipped=0, concealed=0, inputWait=121ms, enqueueWait=0ms, codec=c2.unisoc.avc.decoder, presented=253 (50fps), decodeLatency=9ms p95=11ms (253 frames)
09-15 13:08:20.951 26611 26611 I OPENHU  : [2] TextureProjectionView.onSurfaceTextureUpdated | TextureProjectionView: displayed 212 frames in 5001ms (42fps), longFrames=1
09-15 13:08:24.265 26611 26903 I OPENHU  : [76] AapTransport.noteMessageReceived$com_andrerinas_headunitrevived_3_4_0_beta3_githubDebug | AapTransport: inbound rate over 30003ms: video=60kB/s (1551 msgs), audio=187kB/s (704 msgs), other=0kB/s (60 msgs)
09-15 13:08:25.617 26611 26946 I OPENHU  : [79] VideoDecoder.logThroughput | Throughput over 5005ms: rendered=259 (51fps), fed=258 (51fps), dropped=0, skipped=0, concealed=0, inputWait=103ms, enqueueWait=0ms, codec=c2.unisoc.avc.decoder, presented=259 (51fps), decodeLatency=9ms p95=11ms (259 frames)
09-15 13:08:25.952 26611 26611 I OPENHU  : [2] TextureProjectionView.onSurfaceTextureUpdated | TextureProjectionView: displayed 223 frames in 5000ms (44fps), longFrames=1
09-15 13:08:30.627 26611 26946 I OPENHU  : [79] VideoDecoder.logThroughput | Throughput over 5008ms: rendered=263 (52fps), fed=263 (52fps), dropped=0, skipped=0, concealed=0, inputWait=107ms, enqueueWait=0ms, codec=c2.unisoc.avc.decoder, presented=263 (52fps), decodeLatency=9ms p95=11ms (263 frames)
09-15 13:08:30.969 26611 26611 I OPENHU  : [2] TextureProjectionView.onSurfaceTextureUpdated | TextureProjectionView: displayed 217 frames in 5017ms (43fps), longFrames=1
09-15 13:08:35.629 26611 26946 I OPENHU  : [79] VideoDecoder.logThroughput | Throughput over 5004ms: rendered=260 (51fps), fed=260 (51fps), dropped=0, skipped=0, concealed=0, inputWait=100ms, enqueueWait=0ms, codec=c2.unisoc.avc.decoder, presented=260 (51fps), decodeLatency=9ms p95=11ms (260 frames)
09-15 13:08:35.969 26611 26611 I OPENHU  : [2] TextureProjectionView.onSurfaceTextureUpdated | TextureProjectionView: displayed 209 frames in 5002ms (41fps), longFrames=1
09-15 13:08:40.630 26611 26946 I OPENHU  : [79] VideoDecoder.logThroughput | Throughput over 5001ms: rendered=226 (45fps), fed=226 (45fps), dropped=0, skipped=0, concealed=0, inputWait=151ms, enqueueWait=0ms, codec=c2.unisoc.avc.decoder, presented=226 (45fps), decodeLatency=9ms p95=39ms (226 frames)
09-15 13:08:41.108 26611 26611 I OPENHU  : [2] TextureProjectionView.onSurfaceTextureUpdated | TextureProjectionView: displayed 128 frames in 5139ms (24fps), longFrames=1
09-15 13:08:41.391 26611 26611 I OPENHU  : [2] StationScanMonitor.record | StationScanMonitor: station scans: 1 in 160170ms, one scan, so no cadence yet. Each one takes the radio off the group's channel.
09-15 13:08:45.399 26611 26611 I OPENHU  : [2] GpsLocation.onProviderDisabled | gps
09-15 13:08:45.635 26611 26946 I OPENHU  : [79] VideoDecoder.logThroughput | Throughput over 5005ms: rendered=229 (45fps), fed=229 (45fps), dropped=0, skipped=0, concealed=0, inputWait=108ms, enqueueWait=0ms, codec=c2.unisoc.avc.decoder, presented=229 (45fps), decodeLatency=9ms p95=12ms (229 frames)
09-15 13:08:46.127 26611 26611 I OPENHU  : [2] TextureProjectionView.onSurfaceTextureUpdated | TextureProjectionView: displayed 207 frames in 5017ms (41fps), longFrames=1
09-15 13:08:50.644 26611 26946 I OPENHU  : [79] VideoDecoder.logThroughput | Throughput over 5009ms: rendered=253 (50fps), fed=253 (50fps), dropped=0, skipped=0, concealed=0, inputWait=101ms, enqueueWait=0ms, codec=c2.unisoc.avc.decoder, presented=253 (50fps), decodeLatency=9ms p95=10ms (253 frames)
09-15 13:08:51.144 26611 26611 I OPENHU  : [2] TextureProjectionView.onSurfaceTextureUpdated | TextureProjectionView: displayed 215 frames in 5018ms (42fps), longFrames=1
09-15 13:08:54.304 26611 26903 I OPENHU  : [76] AapTransport.noteMessageReceived$com_andrerinas_headunitrevived_3_4_0_beta3_githubDebug | AapTransport: inbound rate over 30040ms: video=54kB/s (1486 msgs), audio=187kB/s (704 msgs), other=0kB/s (60 msgs)
09-15 13:08:55.456 26611 26611 I OPENHU  : [2] GpsLocation.onProviderEnabled | gps
09-15 13:08:55.651 26611 26946 I OPENHU  : [79] VideoDecoder.logThroughput | Throughput over 5008ms: rendered=253 (50fps), fed=254 (50fps), dropped=0, skipped=0, concealed=0, inputWait=127ms, enqueueWait=0ms, codec=c2.unisoc.avc.decoder, presented=253 (50fps), decodeLatency=9ms p95=12ms (253 frames)
09-15 13:08:56.144 26611 26611 I OPENHU  : [2] TextureProjectionView.onSurfaceTextureUpdated | TextureProjectionView: displayed 208 frames in 5000ms (41fps), longFrames=1
09-15 13:09:00.661 26611 26946 I OPENHU  : [79] VideoDecoder.logThroughput | Throughput over 5008ms: rendered=256 (51fps), fed=256 (51fps), dropped=0, skipped=0, concealed=0, inputWait=128ms, enqueueWait=0ms, codec=c2.unisoc.avc.decoder, presented=255 (50fps), decodeLatency=9ms p95=12ms (255 frames)
09-15 13:09:01.144 26611 26611 I OPENHU  : [2] TextureProjectionView.onSurfaceTextureUpdated | TextureProjectionView: displayed 216 frames in 5000ms (43fps), longFrames=1
09-15 13:09:05.666 26611 26946 I OPENHU  : [79] VideoDecoder.logThroughput | Throughput over 5006ms: rendered=258 (51fps), fed=257 (51fps), dropped=0, skipped=0, concealed=0, inputWait=104ms, enqueueWait=0ms, codec=c2.unisoc.avc.decoder, presented=258 (51fps), decodeLatency=9ms p95=11ms (258 frames)
09-15 13:09:06.144 26611 26611 I OPENHU  : [2] TextureProjectionView.onSurfaceTextureUpdated | TextureProjectionView: displayed 224 frames in 5000ms (44fps), longFrames=1
09-15 13:09:06.311 26611 26947 I OPENHU  : [80] VideoDecoder.feedInputBuffer | VideoDecoder: keyframe reached the codec (85305 bytes)
09-15 13:09:06.319 26611 26946 I OPENHU  : [79] VideoDecoder.outputThreadLoop | VideoDecoder: keyframe decoded - the picture is repaired
09-15 13:09:10.667 26611 26946 I OPENHU  : [79] VideoDecoder.logThroughput | Throughput over 5001ms: rendered=258 (51fps), fed=258 (51fps), dropped=0, skipped=0, concealed=0, inputWait=99ms, enqueueWait=0ms, codec=c2.unisoc.avc.decoder, presented=258 (51fps), decodeLatency=9ms p95=11ms (258 frames)
09-15 13:09:11.162 26611 26611 I OPENHU  : [2] TextureProjectionView.onSurfaceTextureUpdated | TextureProjectionView: displayed 218 frames in 5017ms (43fps), longFrames=1
09-15 13:09:15.674 26611 26946 I OPENHU  : [79] VideoDecoder.logThroughput | Throughput over 5004ms: rendered=261 (52fps), fed=261 (52fps), dropped=0, skipped=0, concealed=0, inputWait=104ms, enqueueWait=0ms, codec=c2.unisoc.avc.decoder, presented=261 (52fps), decodeLatency=9ms p95=11ms (261 frames)
09-15 13:09:16.161 26611 26611 I OPENHU  : [2] TextureProjectionView.onSurfaceTextureUpdated | TextureProjectionView: displayed 219 frames in 5000ms (43fps), longFrames=1
09-15 13:09:20.675 26611 26946 I OPENHU  : [79] VideoDecoder.logThroughput | Throughput over 5003ms: rendered=252 (50fps), fed=252 (50fps), dropped=0, skipped=0, concealed=0, inputWait=99ms, enqueueWait=0ms, codec=c2.unisoc.avc.decoder, presented=252 (50fps), decodeLatency=9ms p95=11ms (252 frames)
09-15 13:09:21.162 26611 26611 I OPENHU  : [2] TextureProjectionView.onSurfaceTextureUpdated | TextureProjectionView: displayed 215 frames in 5000ms (43fps), longFrames=1
09-15 13:09:24.327 26611 26903 I OPENHU  : [76] AapTransport.noteMessageReceived$com_andrerinas_headunitrevived_3_4_0_beta3_githubDebug | AapTransport: inbound rate over 30023ms: video=59kB/s (1542 msgs), audio=187kB/s (703 msgs), other=0kB/s (60 msgs)
09-15 13:09:25.679 26611 26946 I OPENHU  : [79] VideoDecoder.logThroughput | Throughput over 5004ms: rendered=252 (50fps), fed=252 (50fps), dropped=0, skipped=0, concealed=0, inputWait=106ms, enqueueWait=0ms, codec=c2.unisoc.avc.decoder, presented=252 (50fps), decodeLatency=9ms p95=11ms (252 frames)
09-15 13:09:26.162 26611 26611 I OPENHU  : [2] TextureProjectionView.onSurfaceTextureUpdated | TextureProjectionView: displayed 213 frames in 5001ms (42fps), longFrames=1
09-15 13:09:30.680 26611 26946 I OPENHU  : [79] VideoDecoder.logThroughput | Throughput over 5001ms: rendered=259 (51fps), fed=259 (51fps), dropped=0, skipped=0, concealed=0, inputWait=101ms, enqueueWait=0ms, codec=c2.unisoc.avc.decoder, presented=259 (51fps), decodeLatency=9ms p95=11ms (259 frames)
09-15 13:09:31.214 26611 26611 I OPENHU  : [2] TextureProjectionView.onSurfaceTextureUpdated | TextureProjectionView: displayed 209 frames in 5052ms (41fps), longFrames=1
09-15 13:09:35.678 26611 26946 I OPENHU  : [79] VideoDecoder.logThroughput | Throughput over 5000ms: rendered=251 (50fps), fed=254 (50fps), dropped=0, skipped=0, concealed=0, inputWait=106ms, enqueueWait=0ms, codec=c2.unisoc.avc.decoder, presented=251 (50fps), decodeLatency=9ms p95=14ms (251 frames)
09-15 13:09:36.214 26611 26611 I OPENHU  : [2] TextureProjectionView.onSurfaceTextureUpdated | TextureProjectionView: displayed 185 frames in 5000ms (37fps), longFrames=1
09-15 13:09:40.683 26611 26946 I OPENHU  : [79] VideoDecoder.logThroughput | Throughput over 5003ms: rendered=260 (51fps), fed=257 (51fps), dropped=0, skipped=0, concealed=0, inputWait=126ms, enqueueWait=0ms, codec=c2.unisoc.avc.decoder, presented=260 (51fps), decodeLatency=9ms p95=22ms (260 frames)
09-15 13:09:41.214 26611 26611 I OPENHU  : [2] TextureProjectionView.onSurfaceTextureUpdated | TextureProjectionView: displayed 193 frames in 5000ms (38fps), longFrames=1
09-15 13:09:45.685 26611 26946 I OPENHU  : [79] VideoDecoder.logThroughput | Throughput over 5002ms: rendered=253 (50fps), fed=253 (50fps), dropped=0, skipped=0, concealed=0, inputWait=97ms, enqueueWait=0ms, codec=c2.unisoc.avc.decoder, presented=253 (50fps), decodeLatency=9ms p95=11ms (253 frames)
09-15 13:09:46.214 26611 26611 I OPENHU  : [2] TextureProjectionView.onSurfaceTextureUpdated | TextureProjectionView: displayed 211 frames in 5000ms (42fps), longFrames=1
09-15 13:09:50.694 26611 26946 I OPENHU  : [79] VideoDecoder.logThroughput | Throughput over 5010ms: rendered=258 (51fps), fed=258 (51fps), dropped=0, skipped=0, concealed=0, inputWait=85ms, enqueueWait=0ms, codec=c2.unisoc.avc.decoder, presented=258 (51fps), decodeLatency=9ms p95=12ms (258 frames)
09-15 13:09:51.214 26611 26611 I OPENHU  : [2] TextureProjectionView.onSurfaceTextureUpdated | TextureProjectionView: displayed 212 frames in 5000ms (42fps), longFrames=1
09-15 13:09:54.334 26611 26903 I OPENHU  : [76] AapTransport.noteMessageReceived$com_andrerinas_headunitrevived_3_4_0_beta3_githubDebug | AapTransport: inbound rate over 30006ms: video=56kB/s (1535 msgs), audio=187kB/s (704 msgs), other=0kB/s (60 msgs)
09-15 13:09:55.700 26611 26946 I OPENHU  : [79] VideoDecoder.logThroughput | Throughput over 5006ms: rendered=255 (50fps), fed=255 (50fps), dropped=0, skipped=0, concealed=0, inputWait=107ms, enqueueWait=0ms, codec=c2.unisoc.avc.decoder, presented=255 (50fps), decodeLatency=9ms p95=11ms (255 frames)
09-15 13:09:56.214 26611 26611 I OPENHU  : [2] TextureProjectionView.onSurfaceTextureUpdated | TextureProjectionView: displayed 209 frames in 5000ms (41fps), longFrames=1
